--------------------------------------------------------------------------------
Release 14.7 Trace  (nt64)
Copyright (c) 1995-2013 Xilinx, Inc.  All rights reserved.

E:\Xilinx\14.7\ISE_DS\ISE\bin\nt64\unwrapped\trce.exe -intstyle ise -v 3 -s 5
-n 3 -fastpaths -xml BrentKung32b.twx BrentKung32b.ncd -o BrentKung32b.twr
BrentKung32b.pcf

Design file:              BrentKung32b.ncd
Physical constraint file: BrentKung32b.pcf
Device,package,speed:     xc3s50,pq208,-5 (PRODUCTION 1.39 2013-10-13)
Report level:             verbose report

Environment Variable      Effect 
--------------------      ------ 
NONE                      No environment variables were set
--------------------------------------------------------------------------------

INFO:Timing:2698 - No timing constraints found, doing default enumeration.
INFO:Timing:3412 - To improve timing, see the Timing Closure User Guide (UG612).
INFO:Timing:2752 - To get complete path coverage, use the unconstrained paths 
   option. All paths that are not constrained will be reported in the 
   unconstrained paths section(s) of the report.
INFO:Timing:3339 - The clock-to-out numbers in this timing report are based on 
   a 50 Ohm transmission line loading model.  For the details of this model, 
   and for more information on accounting for different loading conditions, 
   please see the device datasheet.
INFO:Timing:3390 - This architecture does not support a default System Jitter 
   value, please add SYSTEM_JITTER constraint to the UCF to modify the Clock 
   Uncertainty calculation.
INFO:Timing:3389 - This architecture does not support 'Discrete Jitter' and 
   'Phase Error' calculations, these terms will be zero in the Clock 
   Uncertainty calculation.  Please make appropriate modification to 
   SYSTEM_JITTER to account for the unsupported Discrete Jitter and Phase 
   Error.



Data Sheet report:
-----------------
All values displayed in nanoseconds (ns)

Pad to Pad
---------------+---------------+---------+
Source Pad     |Destination Pad|  Delay  |
---------------+---------------+---------+
A<0>           |S<0>           |    6.804|
A<0>           |S<1>           |    7.086|
A<0>           |S<2>           |    8.883|
A<0>           |S<3>           |    8.997|
A<0>           |S<4>           |    9.071|
A<0>           |S<5>           |   10.101|
A<0>           |S<6>           |   11.064|
A<0>           |S<7>           |   12.210|
A<0>           |S<8>           |   13.704|
A<0>           |S<9>           |   13.158|
A<0>           |S<10>          |   13.923|
A<0>           |S<11>          |   14.324|
A<0>           |S<12>          |   16.201|
A<0>           |S<13>          |   16.393|
A<0>           |S<14>          |   17.281|
A<0>           |S<15>          |   17.907|
A<0>           |S<16>          |   18.369|
A<0>           |S<17>          |   18.906|
A<0>           |S<18>          |   19.215|
A<0>           |S<19>          |   19.890|
A<0>           |S<20>          |   19.237|
A<0>           |S<21>          |   20.049|
A<0>           |S<22>          |   21.730|
A<0>           |S<23>          |   21.582|
A<0>           |S<24>          |   20.218|
A<0>           |S<25>          |   20.623|
A<0>           |S<26>          |   20.821|
A<0>           |S<27>          |   21.673|
A<0>           |S<28>          |   22.436|
A<0>           |S<29>          |   21.892|
A<0>           |S<30>          |   23.639|
A<0>           |S<31>          |   22.781|
A<0>           |S<32>          |   22.604|
A<1>           |S<1>           |    6.556|
A<1>           |S<2>           |    8.353|
A<1>           |S<3>           |    8.467|
A<1>           |S<4>           |    8.541|
A<1>           |S<5>           |    9.571|
A<1>           |S<6>           |   10.534|
A<1>           |S<7>           |   11.680|
A<1>           |S<8>           |   13.174|
A<1>           |S<9>           |   12.628|
A<1>           |S<10>          |   13.393|
A<1>           |S<11>          |   13.794|
A<1>           |S<12>          |   15.671|
A<1>           |S<13>          |   15.863|
A<1>           |S<14>          |   16.751|
A<1>           |S<15>          |   17.377|
A<1>           |S<16>          |   17.839|
A<1>           |S<17>          |   18.376|
A<1>           |S<18>          |   18.685|
A<1>           |S<19>          |   19.360|
A<1>           |S<20>          |   18.707|
A<1>           |S<21>          |   19.519|
A<1>           |S<22>          |   21.200|
A<1>           |S<23>          |   21.052|
A<1>           |S<24>          |   19.688|
A<1>           |S<25>          |   20.093|
A<1>           |S<26>          |   20.291|
A<1>           |S<27>          |   21.143|
A<1>           |S<28>          |   21.906|
A<1>           |S<29>          |   21.362|
A<1>           |S<30>          |   23.109|
A<1>           |S<31>          |   22.251|
A<1>           |S<32>          |   22.074|
A<2>           |S<2>           |    8.272|
A<2>           |S<3>           |    8.582|
A<2>           |S<4>           |    8.656|
A<2>           |S<5>           |    9.686|
A<2>           |S<6>           |   10.649|
A<2>           |S<7>           |   11.795|
A<2>           |S<8>           |   13.289|
A<2>           |S<9>           |   12.743|
A<2>           |S<10>          |   13.508|
A<2>           |S<11>          |   13.909|
A<2>           |S<12>          |   15.786|
A<2>           |S<13>          |   15.978|
A<2>           |S<14>          |   16.866|
A<2>           |S<15>          |   17.492|
A<2>           |S<16>          |   17.954|
A<2>           |S<17>          |   18.491|
A<2>           |S<18>          |   18.800|
A<2>           |S<19>          |   19.475|
A<2>           |S<20>          |   18.822|
A<2>           |S<21>          |   19.634|
A<2>           |S<22>          |   21.315|
A<2>           |S<23>          |   21.167|
A<2>           |S<24>          |   19.803|
A<2>           |S<25>          |   20.208|
A<2>           |S<26>          |   20.406|
A<2>           |S<27>          |   21.258|
A<2>           |S<28>          |   22.021|
A<2>           |S<29>          |   21.477|
A<2>           |S<30>          |   23.224|
A<2>           |S<31>          |   22.366|
A<2>           |S<32>          |   22.189|
A<3>           |S<3>           |    7.640|
A<3>           |S<4>           |    7.512|
A<3>           |S<5>           |    8.472|
A<3>           |S<6>           |    9.435|
A<3>           |S<7>           |   10.581|
A<3>           |S<8>           |   12.075|
A<3>           |S<9>           |   11.529|
A<3>           |S<10>          |   12.294|
A<3>           |S<11>          |   12.695|
A<3>           |S<12>          |   14.572|
A<3>           |S<13>          |   14.764|
A<3>           |S<14>          |   15.652|
A<3>           |S<15>          |   16.278|
A<3>           |S<16>          |   16.740|
A<3>           |S<17>          |   17.277|
A<3>           |S<18>          |   17.586|
A<3>           |S<19>          |   18.261|
A<3>           |S<20>          |   17.608|
A<3>           |S<21>          |   18.420|
A<3>           |S<22>          |   20.101|
A<3>           |S<23>          |   19.953|
A<3>           |S<24>          |   18.589|
A<3>           |S<25>          |   18.994|
A<3>           |S<26>          |   19.192|
A<3>           |S<27>          |   20.044|
A<3>           |S<28>          |   20.807|
A<3>           |S<29>          |   20.263|
A<3>           |S<30>          |   22.010|
A<3>           |S<31>          |   21.152|
A<3>           |S<32>          |   20.975|
A<4>           |S<4>           |    7.775|
A<4>           |S<5>           |    8.960|
A<4>           |S<6>           |    9.923|
A<4>           |S<7>           |   11.069|
A<4>           |S<8>           |   12.563|
A<4>           |S<9>           |   12.017|
A<4>           |S<10>          |   12.782|
A<4>           |S<11>          |   13.183|
A<4>           |S<12>          |   15.060|
A<4>           |S<13>          |   15.252|
A<4>           |S<14>          |   16.140|
A<4>           |S<15>          |   16.766|
A<4>           |S<16>          |   17.228|
A<4>           |S<17>          |   17.765|
A<4>           |S<18>          |   18.074|
A<4>           |S<19>          |   18.749|
A<4>           |S<20>          |   18.096|
A<4>           |S<21>          |   18.908|
A<4>           |S<22>          |   20.589|
A<4>           |S<23>          |   20.441|
A<4>           |S<24>          |   19.077|
A<4>           |S<25>          |   19.482|
A<4>           |S<26>          |   19.680|
A<4>           |S<27>          |   20.532|
A<4>           |S<28>          |   21.295|
A<4>           |S<29>          |   20.751|
A<4>           |S<30>          |   22.498|
A<4>           |S<31>          |   21.640|
A<4>           |S<32>          |   21.463|
A<5>           |S<5>           |    7.877|
A<5>           |S<6>           |    9.011|
A<5>           |S<7>           |   10.157|
A<5>           |S<8>           |   11.651|
A<5>           |S<9>           |   11.105|
A<5>           |S<10>          |   11.870|
A<5>           |S<11>          |   12.271|
A<5>           |S<12>          |   14.148|
A<5>           |S<13>          |   14.340|
A<5>           |S<14>          |   15.228|
A<5>           |S<15>          |   15.854|
A<5>           |S<16>          |   16.316|
A<5>           |S<17>          |   16.853|
A<5>           |S<18>          |   17.162|
A<5>           |S<19>          |   17.837|
A<5>           |S<20>          |   17.184|
A<5>           |S<21>          |   17.996|
A<5>           |S<22>          |   19.677|
A<5>           |S<23>          |   19.529|
A<5>           |S<24>          |   18.165|
A<5>           |S<25>          |   18.570|
A<5>           |S<26>          |   18.768|
A<5>           |S<27>          |   19.620|
A<5>           |S<28>          |   20.383|
A<5>           |S<29>          |   19.839|
A<5>           |S<30>          |   21.586|
A<5>           |S<31>          |   20.728|
A<5>           |S<32>          |   20.551|
A<6>           |S<6>           |    7.983|
A<6>           |S<7>           |    9.239|
A<6>           |S<8>           |   10.733|
A<6>           |S<9>           |   10.187|
A<6>           |S<10>          |   10.952|
A<6>           |S<11>          |   11.353|
A<6>           |S<12>          |   13.230|
A<6>           |S<13>          |   13.422|
A<6>           |S<14>          |   14.310|
A<6>           |S<15>          |   14.936|
A<6>           |S<16>          |   15.398|
A<6>           |S<17>          |   15.935|
A<6>           |S<18>          |   16.244|
A<6>           |S<19>          |   16.919|
A<6>           |S<20>          |   16.266|
A<6>           |S<21>          |   17.078|
A<6>           |S<22>          |   18.759|
A<6>           |S<23>          |   18.611|
A<6>           |S<24>          |   17.247|
A<6>           |S<25>          |   17.652|
A<6>           |S<26>          |   17.850|
A<6>           |S<27>          |   18.702|
A<6>           |S<28>          |   19.465|
A<6>           |S<29>          |   18.921|
A<6>           |S<30>          |   20.668|
A<6>           |S<31>          |   19.810|
A<6>           |S<32>          |   19.633|
A<7>           |S<7>           |    7.968|
A<7>           |S<8>           |    9.790|
A<7>           |S<9>           |    9.089|
A<7>           |S<10>          |    9.854|
A<7>           |S<11>          |   10.255|
A<7>           |S<12>          |   12.132|
A<7>           |S<13>          |   12.324|
A<7>           |S<14>          |   13.212|
A<7>           |S<15>          |   13.838|
A<7>           |S<16>          |   14.300|
A<7>           |S<17>          |   14.837|
A<7>           |S<18>          |   15.146|
A<7>           |S<19>          |   15.821|
A<7>           |S<20>          |   15.168|
A<7>           |S<21>          |   15.980|
A<7>           |S<22>          |   17.661|
A<7>           |S<23>          |   17.513|
A<7>           |S<24>          |   16.149|
A<7>           |S<25>          |   16.554|
A<7>           |S<26>          |   16.752|
A<7>           |S<27>          |   17.604|
A<7>           |S<28>          |   18.367|
A<7>           |S<29>          |   17.823|
A<7>           |S<30>          |   19.570|
A<7>           |S<31>          |   18.712|
A<7>           |S<32>          |   18.535|
A<8>           |S<8>           |    9.465|
A<8>           |S<9>           |    8.510|
A<8>           |S<10>          |    9.100|
A<8>           |S<11>          |    9.501|
A<8>           |S<12>          |   11.378|
A<8>           |S<13>          |   11.570|
A<8>           |S<14>          |   12.458|
A<8>           |S<15>          |   13.084|
A<8>           |S<16>          |   13.546|
A<8>           |S<17>          |   14.083|
A<8>           |S<18>          |   14.392|
A<8>           |S<19>          |   15.067|
A<8>           |S<20>          |   14.414|
A<8>           |S<21>          |   15.226|
A<8>           |S<22>          |   16.907|
A<8>           |S<23>          |   16.759|
A<8>           |S<24>          |   15.395|
A<8>           |S<25>          |   15.800|
A<8>           |S<26>          |   15.998|
A<8>           |S<27>          |   16.850|
A<8>           |S<28>          |   17.613|
A<8>           |S<29>          |   17.069|
A<8>           |S<30>          |   18.816|
A<8>           |S<31>          |   17.958|
A<8>           |S<32>          |   17.781|
A<9>           |S<9>           |    8.207|
A<9>           |S<10>          |    8.972|
A<9>           |S<11>          |    9.373|
A<9>           |S<12>          |   11.250|
A<9>           |S<13>          |   11.442|
A<9>           |S<14>          |   12.330|
A<9>           |S<15>          |   12.956|
A<9>           |S<16>          |   13.418|
A<9>           |S<17>          |   13.955|
A<9>           |S<18>          |   14.264|
A<9>           |S<19>          |   14.939|
A<9>           |S<20>          |   14.286|
A<9>           |S<21>          |   15.098|
A<9>           |S<22>          |   16.779|
A<9>           |S<23>          |   16.631|
A<9>           |S<24>          |   15.267|
A<9>           |S<25>          |   15.672|
A<9>           |S<26>          |   15.870|
A<9>           |S<27>          |   16.722|
A<9>           |S<28>          |   17.485|
A<9>           |S<29>          |   16.941|
A<9>           |S<30>          |   18.688|
A<9>           |S<31>          |   17.830|
A<9>           |S<32>          |   17.653|
A<10>          |S<10>          |    7.038|
A<10>          |S<11>          |    8.254|
A<10>          |S<12>          |   10.296|
A<10>          |S<13>          |   10.488|
A<10>          |S<14>          |   11.376|
A<10>          |S<15>          |   12.002|
A<10>          |S<16>          |   12.464|
A<10>          |S<17>          |   13.001|
A<10>          |S<18>          |   13.310|
A<10>          |S<19>          |   13.985|
A<10>          |S<20>          |   13.332|
A<10>          |S<21>          |   14.144|
A<10>          |S<22>          |   15.825|
A<10>          |S<23>          |   15.677|
A<10>          |S<24>          |   14.313|
A<10>          |S<25>          |   14.718|
A<10>          |S<26>          |   14.916|
A<10>          |S<27>          |   15.768|
A<10>          |S<28>          |   16.531|
A<10>          |S<29>          |   15.987|
A<10>          |S<30>          |   17.734|
A<10>          |S<31>          |   16.876|
A<10>          |S<32>          |   16.699|
A<11>          |S<11>          |    8.065|
A<11>          |S<12>          |   10.428|
A<11>          |S<13>          |   10.620|
A<11>          |S<14>          |   11.508|
A<11>          |S<15>          |   12.134|
A<11>          |S<16>          |   12.596|
A<11>          |S<17>          |   13.133|
A<11>          |S<18>          |   13.442|
A<11>          |S<19>          |   14.117|
A<11>          |S<20>          |   13.464|
A<11>          |S<21>          |   14.276|
A<11>          |S<22>          |   15.957|
A<11>          |S<23>          |   15.809|
A<11>          |S<24>          |   14.445|
A<11>          |S<25>          |   14.850|
A<11>          |S<26>          |   15.048|
A<11>          |S<27>          |   15.900|
A<11>          |S<28>          |   16.663|
A<11>          |S<29>          |   16.119|
A<11>          |S<30>          |   17.866|
A<11>          |S<31>          |   17.008|
A<11>          |S<32>          |   16.831|
A<12>          |S<12>          |    8.635|
A<12>          |S<13>          |    8.488|
A<12>          |S<14>          |    9.272|
A<12>          |S<15>          |    9.898|
A<12>          |S<16>          |   11.044|
A<12>          |S<17>          |   11.581|
A<12>          |S<18>          |   11.890|
A<12>          |S<19>          |   12.565|
A<12>          |S<20>          |   11.912|
A<12>          |S<21>          |   12.724|
A<12>          |S<22>          |   14.405|
A<12>          |S<23>          |   14.257|
A<12>          |S<24>          |   12.893|
A<12>          |S<25>          |   13.298|
A<12>          |S<26>          |   13.496|
A<12>          |S<27>          |   14.348|
A<12>          |S<28>          |   15.111|
A<12>          |S<29>          |   14.567|
A<12>          |S<30>          |   16.314|
A<12>          |S<31>          |   15.456|
A<12>          |S<32>          |   15.279|
A<13>          |S<13>          |    8.551|
A<13>          |S<14>          |    9.654|
A<13>          |S<15>          |   10.280|
A<13>          |S<16>          |   12.050|
A<13>          |S<17>          |   12.587|
A<13>          |S<18>          |   12.896|
A<13>          |S<19>          |   13.571|
A<13>          |S<20>          |   12.918|
A<13>          |S<21>          |   13.730|
A<13>          |S<22>          |   15.411|
A<13>          |S<23>          |   15.263|
A<13>          |S<24>          |   13.899|
A<13>          |S<25>          |   14.304|
A<13>          |S<26>          |   14.502|
A<13>          |S<27>          |   15.354|
A<13>          |S<28>          |   16.117|
A<13>          |S<29>          |   15.573|
A<13>          |S<30>          |   17.320|
A<13>          |S<31>          |   16.462|
A<13>          |S<32>          |   16.285|
A<14>          |S<14>          |    8.661|
A<14>          |S<15>          |   10.115|
A<14>          |S<16>          |   12.552|
A<14>          |S<17>          |   13.089|
A<14>          |S<18>          |   13.398|
A<14>          |S<19>          |   14.073|
A<14>          |S<20>          |   13.420|
A<14>          |S<21>          |   14.232|
A<14>          |S<22>          |   15.913|
A<14>          |S<23>          |   15.765|
A<14>          |S<24>          |   14.401|
A<14>          |S<25>          |   14.806|
A<14>          |S<26>          |   15.004|
A<14>          |S<27>          |   15.856|
A<14>          |S<28>          |   16.619|
A<14>          |S<29>          |   16.075|
A<14>          |S<30>          |   17.822|
A<14>          |S<31>          |   16.964|
A<14>          |S<32>          |   16.787|
A<15>          |S<15>          |    9.139|
A<15>          |S<16>          |    8.726|
A<15>          |S<17>          |    9.263|
A<15>          |S<18>          |    9.572|
A<15>          |S<19>          |   10.247|
A<15>          |S<20>          |    9.594|
A<15>          |S<21>          |   10.406|
A<15>          |S<22>          |   12.087|
A<15>          |S<23>          |   11.939|
A<15>          |S<24>          |   10.575|
A<15>          |S<25>          |   10.980|
A<15>          |S<26>          |   11.178|
A<15>          |S<27>          |   12.030|
A<15>          |S<28>          |   12.793|
A<15>          |S<29>          |   12.249|
A<15>          |S<30>          |   13.996|
A<15>          |S<31>          |   13.138|
A<15>          |S<32>          |   12.961|
A<16>          |S<16>          |    8.344|
A<16>          |S<17>          |    8.887|
A<16>          |S<18>          |    9.265|
A<16>          |S<19>          |    9.940|
A<16>          |S<20>          |   10.945|
A<16>          |S<21>          |   11.757|
A<16>          |S<22>          |   13.438|
A<16>          |S<23>          |   13.290|
A<16>          |S<24>          |   12.154|
A<16>          |S<25>          |   12.559|
A<16>          |S<26>          |   12.757|
A<16>          |S<27>          |   13.609|
A<16>          |S<28>          |   14.372|
A<16>          |S<29>          |   13.828|
A<16>          |S<30>          |   15.575|
A<16>          |S<31>          |   14.717|
A<16>          |S<32>          |   14.540|
A<17>          |S<17>          |    8.201|
A<17>          |S<18>          |    9.008|
A<17>          |S<19>          |    9.683|
A<17>          |S<20>          |    9.772|
A<17>          |S<21>          |   10.584|
A<17>          |S<22>          |   12.265|
A<17>          |S<23>          |   12.117|
A<17>          |S<24>          |   11.127|
A<17>          |S<25>          |   11.532|
A<17>          |S<26>          |   11.730|
A<17>          |S<27>          |   12.582|
A<17>          |S<28>          |   13.345|
A<17>          |S<29>          |   12.801|
A<17>          |S<30>          |   14.548|
A<17>          |S<31>          |   13.690|
A<17>          |S<32>          |   13.513|
A<18>          |S<18>          |    8.514|
A<18>          |S<19>          |    8.535|
A<18>          |S<20>          |   10.905|
A<18>          |S<21>          |   11.717|
A<18>          |S<22>          |   13.398|
A<18>          |S<23>          |   13.250|
A<18>          |S<24>          |   12.114|
A<18>          |S<25>          |   12.519|
A<18>          |S<26>          |   12.717|
A<18>          |S<27>          |   13.569|
A<18>          |S<28>          |   14.332|
A<18>          |S<29>          |   13.788|
A<18>          |S<30>          |   15.535|
A<18>          |S<31>          |   14.677|
A<18>          |S<32>          |   14.500|
A<19>          |S<19>          |    8.638|
A<19>          |S<20>          |   10.665|
A<19>          |S<21>          |   11.477|
A<19>          |S<22>          |   13.158|
A<19>          |S<23>          |   13.010|
A<19>          |S<24>          |   11.874|
A<19>          |S<25>          |   12.279|
A<19>          |S<26>          |   12.477|
A<19>          |S<27>          |   13.329|
A<19>          |S<28>          |   14.092|
A<19>          |S<29>          |   13.548|
A<19>          |S<30>          |   15.295|
A<19>          |S<31>          |   14.437|
A<19>          |S<32>          |   14.260|
A<20>          |S<20>          |    9.713|
A<20>          |S<21>          |    9.387|
A<20>          |S<22>          |   10.858|
A<20>          |S<23>          |   10.710|
A<20>          |S<24>          |   11.818|
A<20>          |S<25>          |   12.223|
A<20>          |S<26>          |   12.421|
A<20>          |S<27>          |   13.273|
A<20>          |S<28>          |   14.036|
A<20>          |S<29>          |   13.492|
A<20>          |S<30>          |   15.239|
A<20>          |S<31>          |   14.381|
A<20>          |S<32>          |   14.204|
A<21>          |S<21>          |    9.414|
A<21>          |S<22>          |   10.272|
A<21>          |S<23>          |   10.124|
A<21>          |S<24>          |   11.831|
A<21>          |S<25>          |   12.236|
A<21>          |S<26>          |   12.434|
A<21>          |S<27>          |   13.286|
A<21>          |S<28>          |   14.049|
A<21>          |S<29>          |   13.505|
A<21>          |S<30>          |   15.252|
A<21>          |S<31>          |   14.394|
A<21>          |S<32>          |   14.217|
A<22>          |S<22>          |    8.944|
A<22>          |S<23>          |    9.136|
A<22>          |S<24>          |   11.546|
A<22>          |S<25>          |   11.951|
A<22>          |S<26>          |   12.149|
A<22>          |S<27>          |   13.001|
A<22>          |S<28>          |   13.764|
A<22>          |S<29>          |   13.220|
A<22>          |S<30>          |   14.967|
A<22>          |S<31>          |   14.109|
A<22>          |S<32>          |   13.932|
A<23>          |S<23>          |   10.075|
A<23>          |S<24>          |   12.491|
A<23>          |S<25>          |   12.896|
A<23>          |S<26>          |   13.094|
A<23>          |S<27>          |   13.946|
A<23>          |S<28>          |   14.709|
A<23>          |S<29>          |   14.165|
A<23>          |S<30>          |   15.912|
A<23>          |S<31>          |   15.054|
A<23>          |S<32>          |   14.877|
A<24>          |S<24>          |    8.688|
A<24>          |S<25>          |    8.803|
A<24>          |S<26>          |   10.395|
A<24>          |S<27>          |   11.247|
A<24>          |S<28>          |   12.850|
A<24>          |S<29>          |   12.306|
A<24>          |S<30>          |   14.053|
A<24>          |S<31>          |   13.195|
A<24>          |S<32>          |   13.532|
A<25>          |S<25>          |    9.092|
A<25>          |S<26>          |    9.081|
A<25>          |S<27>          |    9.933|
A<25>          |S<28>          |   11.536|
A<25>          |S<29>          |   10.992|
A<25>          |S<30>          |   12.739|
A<25>          |S<31>          |   11.881|
A<25>          |S<32>          |   12.218|
A<26>          |S<26>          |    9.568|
A<26>          |S<27>          |   10.119|
A<26>          |S<28>          |   12.446|
A<26>          |S<29>          |   11.902|
A<26>          |S<30>          |   13.649|
A<26>          |S<31>          |   12.791|
A<26>          |S<32>          |   12.594|
A<27>          |S<27>          |    9.260|
A<27>          |S<28>          |   12.139|
A<27>          |S<29>          |   11.595|
A<27>          |S<30>          |   13.342|
A<27>          |S<31>          |   12.484|
A<27>          |S<32>          |   12.544|
A<28>          |S<28>          |    9.359|
A<28>          |S<29>          |    8.752|
A<28>          |S<30>          |   10.394|
A<28>          |S<31>          |    9.536|
A<28>          |S<32>          |   10.833|
A<29>          |S<29>          |    8.355|
A<29>          |S<30>          |   10.707|
A<29>          |S<31>          |    9.849|
A<29>          |S<32>          |   11.332|
A<30>          |S<30>          |    8.330|
A<30>          |S<31>          |    7.993|
A<30>          |S<32>          |   11.048|
A<31>          |S<31>          |    8.489|
A<31>          |S<32>          |   10.800|
B<0>           |S<0>           |    7.169|
B<0>           |S<1>           |    7.624|
B<0>           |S<2>           |    9.421|
B<0>           |S<3>           |    9.535|
B<0>           |S<4>           |    9.609|
B<0>           |S<5>           |   10.639|
B<0>           |S<6>           |   11.602|
B<0>           |S<7>           |   12.748|
B<0>           |S<8>           |   14.242|
B<0>           |S<9>           |   13.696|
B<0>           |S<10>          |   14.461|
B<0>           |S<11>          |   14.862|
B<0>           |S<12>          |   16.739|
B<0>           |S<13>          |   16.931|
B<0>           |S<14>          |   17.819|
B<0>           |S<15>          |   18.445|
B<0>           |S<16>          |   18.907|
B<0>           |S<17>          |   19.444|
B<0>           |S<18>          |   19.753|
B<0>           |S<19>          |   20.428|
B<0>           |S<20>          |   19.775|
B<0>           |S<21>          |   20.587|
B<0>           |S<22>          |   22.268|
B<0>           |S<23>          |   22.120|
B<0>           |S<24>          |   20.756|
B<0>           |S<25>          |   21.161|
B<0>           |S<26>          |   21.359|
B<0>           |S<27>          |   22.211|
B<0>           |S<28>          |   22.974|
B<0>           |S<29>          |   22.430|
B<0>           |S<30>          |   24.177|
B<0>           |S<31>          |   23.319|
B<0>           |S<32>          |   23.142|
B<1>           |S<1>           |    7.358|
B<1>           |S<2>           |    9.155|
B<1>           |S<3>           |    9.269|
B<1>           |S<4>           |    9.343|
B<1>           |S<5>           |   10.373|
B<1>           |S<6>           |   11.336|
B<1>           |S<7>           |   12.482|
B<1>           |S<8>           |   13.976|
B<1>           |S<9>           |   13.430|
B<1>           |S<10>          |   14.195|
B<1>           |S<11>          |   14.596|
B<1>           |S<12>          |   16.473|
B<1>           |S<13>          |   16.665|
B<1>           |S<14>          |   17.553|
B<1>           |S<15>          |   18.179|
B<1>           |S<16>          |   18.641|
B<1>           |S<17>          |   19.178|
B<1>           |S<18>          |   19.487|
B<1>           |S<19>          |   20.162|
B<1>           |S<20>          |   19.509|
B<1>           |S<21>          |   20.321|
B<1>           |S<22>          |   22.002|
B<1>           |S<23>          |   21.854|
B<1>           |S<24>          |   20.490|
B<1>           |S<25>          |   20.895|
B<1>           |S<26>          |   21.093|
B<1>           |S<27>          |   21.945|
B<1>           |S<28>          |   22.708|
B<1>           |S<29>          |   22.164|
B<1>           |S<30>          |   23.911|
B<1>           |S<31>          |   23.053|
B<1>           |S<32>          |   22.876|
B<2>           |S<2>           |    8.588|
B<2>           |S<3>           |    8.577|
B<2>           |S<4>           |    8.651|
B<2>           |S<5>           |    9.681|
B<2>           |S<6>           |   10.644|
B<2>           |S<7>           |   11.790|
B<2>           |S<8>           |   13.284|
B<2>           |S<9>           |   12.738|
B<2>           |S<10>          |   13.503|
B<2>           |S<11>          |   13.904|
B<2>           |S<12>          |   15.781|
B<2>           |S<13>          |   15.973|
B<2>           |S<14>          |   16.861|
B<2>           |S<15>          |   17.487|
B<2>           |S<16>          |   17.949|
B<2>           |S<17>          |   18.486|
B<2>           |S<18>          |   18.795|
B<2>           |S<19>          |   19.470|
B<2>           |S<20>          |   18.817|
B<2>           |S<21>          |   19.629|
B<2>           |S<22>          |   21.310|
B<2>           |S<23>          |   21.162|
B<2>           |S<24>          |   19.798|
B<2>           |S<25>          |   20.203|
B<2>           |S<26>          |   20.401|
B<2>           |S<27>          |   21.253|
B<2>           |S<28>          |   22.016|
B<2>           |S<29>          |   21.472|
B<2>           |S<30>          |   23.219|
B<2>           |S<31>          |   22.361|
B<2>           |S<32>          |   22.184|
B<3>           |S<3>           |    7.666|
B<3>           |S<4>           |    7.672|
B<3>           |S<5>           |    8.775|
B<3>           |S<6>           |    9.738|
B<3>           |S<7>           |   10.884|
B<3>           |S<8>           |   12.378|
B<3>           |S<9>           |   11.832|
B<3>           |S<10>          |   12.597|
B<3>           |S<11>          |   12.998|
B<3>           |S<12>          |   14.875|
B<3>           |S<13>          |   15.067|
B<3>           |S<14>          |   15.955|
B<3>           |S<15>          |   16.581|
B<3>           |S<16>          |   17.043|
B<3>           |S<17>          |   17.580|
B<3>           |S<18>          |   17.889|
B<3>           |S<19>          |   18.564|
B<3>           |S<20>          |   17.911|
B<3>           |S<21>          |   18.723|
B<3>           |S<22>          |   20.404|
B<3>           |S<23>          |   20.256|
B<3>           |S<24>          |   18.892|
B<3>           |S<25>          |   19.297|
B<3>           |S<26>          |   19.495|
B<3>           |S<27>          |   20.347|
B<3>           |S<28>          |   21.110|
B<3>           |S<29>          |   20.566|
B<3>           |S<30>          |   22.313|
B<3>           |S<31>          |   21.455|
B<3>           |S<32>          |   21.278|
B<4>           |S<4>           |    7.983|
B<4>           |S<5>           |    9.168|
B<4>           |S<6>           |   10.131|
B<4>           |S<7>           |   11.277|
B<4>           |S<8>           |   12.771|
B<4>           |S<9>           |   12.225|
B<4>           |S<10>          |   12.990|
B<4>           |S<11>          |   13.391|
B<4>           |S<12>          |   15.268|
B<4>           |S<13>          |   15.460|
B<4>           |S<14>          |   16.348|
B<4>           |S<15>          |   16.974|
B<4>           |S<16>          |   17.436|
B<4>           |S<17>          |   17.973|
B<4>           |S<18>          |   18.282|
B<4>           |S<19>          |   18.957|
B<4>           |S<20>          |   18.304|
B<4>           |S<21>          |   19.116|
B<4>           |S<22>          |   20.797|
B<4>           |S<23>          |   20.649|
B<4>           |S<24>          |   19.285|
B<4>           |S<25>          |   19.690|
B<4>           |S<26>          |   19.888|
B<4>           |S<27>          |   20.740|
B<4>           |S<28>          |   21.503|
B<4>           |S<29>          |   20.959|
B<4>           |S<30>          |   22.706|
B<4>           |S<31>          |   21.848|
B<4>           |S<32>          |   21.671|
B<5>           |S<5>           |    7.865|
B<5>           |S<6>           |    9.198|
B<5>           |S<7>           |   10.344|
B<5>           |S<8>           |   11.838|
B<5>           |S<9>           |   11.292|
B<5>           |S<10>          |   12.057|
B<5>           |S<11>          |   12.458|
B<5>           |S<12>          |   14.335|
B<5>           |S<13>          |   14.527|
B<5>           |S<14>          |   15.415|
B<5>           |S<15>          |   16.041|
B<5>           |S<16>          |   16.503|
B<5>           |S<17>          |   17.040|
B<5>           |S<18>          |   17.349|
B<5>           |S<19>          |   18.024|
B<5>           |S<20>          |   17.371|
B<5>           |S<21>          |   18.183|
B<5>           |S<22>          |   19.864|
B<5>           |S<23>          |   19.716|
B<5>           |S<24>          |   18.352|
B<5>           |S<25>          |   18.757|
B<5>           |S<26>          |   18.955|
B<5>           |S<27>          |   19.807|
B<5>           |S<28>          |   20.570|
B<5>           |S<29>          |   20.026|
B<5>           |S<30>          |   21.773|
B<5>           |S<31>          |   20.915|
B<5>           |S<32>          |   20.738|
B<6>           |S<6>           |    7.532|
B<6>           |S<7>           |    8.385|
B<6>           |S<8>           |    9.879|
B<6>           |S<9>           |    9.333|
B<6>           |S<10>          |   10.098|
B<6>           |S<11>          |   10.499|
B<6>           |S<12>          |   12.376|
B<6>           |S<13>          |   12.568|
B<6>           |S<14>          |   13.456|
B<6>           |S<15>          |   14.082|
B<6>           |S<16>          |   14.544|
B<6>           |S<17>          |   15.081|
B<6>           |S<18>          |   15.390|
B<6>           |S<19>          |   16.065|
B<6>           |S<20>          |   15.412|
B<6>           |S<21>          |   16.224|
B<6>           |S<22>          |   17.905|
B<6>           |S<23>          |   17.757|
B<6>           |S<24>          |   16.393|
B<6>           |S<25>          |   16.798|
B<6>           |S<26>          |   16.996|
B<6>           |S<27>          |   17.848|
B<6>           |S<28>          |   18.611|
B<6>           |S<29>          |   18.067|
B<6>           |S<30>          |   19.814|
B<6>           |S<31>          |   18.956|
B<6>           |S<32>          |   18.779|
B<7>           |S<7>           |    7.378|
B<7>           |S<8>           |    8.836|
B<7>           |S<9>           |    8.381|
B<7>           |S<10>          |    9.146|
B<7>           |S<11>          |    9.547|
B<7>           |S<12>          |   11.424|
B<7>           |S<13>          |   11.616|
B<7>           |S<14>          |   12.504|
B<7>           |S<15>          |   13.130|
B<7>           |S<16>          |   13.592|
B<7>           |S<17>          |   14.129|
B<7>           |S<18>          |   14.438|
B<7>           |S<19>          |   15.113|
B<7>           |S<20>          |   14.460|
B<7>           |S<21>          |   15.272|
B<7>           |S<22>          |   16.953|
B<7>           |S<23>          |   16.805|
B<7>           |S<24>          |   15.441|
B<7>           |S<25>          |   15.846|
B<7>           |S<26>          |   16.044|
B<7>           |S<27>          |   16.896|
B<7>           |S<28>          |   17.659|
B<7>           |S<29>          |   17.115|
B<7>           |S<30>          |   18.862|
B<7>           |S<31>          |   18.004|
B<7>           |S<32>          |   17.827|
B<8>           |S<8>           |    9.361|
B<8>           |S<9>           |    8.018|
B<8>           |S<10>          |    8.783|
B<8>           |S<11>          |    9.184|
B<8>           |S<12>          |   11.061|
B<8>           |S<13>          |   11.253|
B<8>           |S<14>          |   12.141|
B<8>           |S<15>          |   12.767|
B<8>           |S<16>          |   13.229|
B<8>           |S<17>          |   13.766|
B<8>           |S<18>          |   14.075|
B<8>           |S<19>          |   14.750|
B<8>           |S<20>          |   14.097|
B<8>           |S<21>          |   14.909|
B<8>           |S<22>          |   16.590|
B<8>           |S<23>          |   16.442|
B<8>           |S<24>          |   15.078|
B<8>           |S<25>          |   15.483|
B<8>           |S<26>          |   15.681|
B<8>           |S<27>          |   16.533|
B<8>           |S<28>          |   17.296|
B<8>           |S<29>          |   16.752|
B<8>           |S<30>          |   18.499|
B<8>           |S<31>          |   17.641|
B<8>           |S<32>          |   17.464|
B<9>           |S<9>           |    7.590|
B<9>           |S<10>          |    8.147|
B<9>           |S<11>          |    8.548|
B<9>           |S<12>          |   10.425|
B<9>           |S<13>          |   10.617|
B<9>           |S<14>          |   11.505|
B<9>           |S<15>          |   12.131|
B<9>           |S<16>          |   12.593|
B<9>           |S<17>          |   13.130|
B<9>           |S<18>          |   13.439|
B<9>           |S<19>          |   14.114|
B<9>           |S<20>          |   13.461|
B<9>           |S<21>          |   14.273|
B<9>           |S<22>          |   15.954|
B<9>           |S<23>          |   15.806|
B<9>           |S<24>          |   14.442|
B<9>           |S<25>          |   14.847|
B<9>           |S<26>          |   15.045|
B<9>           |S<27>          |   15.897|
B<9>           |S<28>          |   16.660|
B<9>           |S<29>          |   16.116|
B<9>           |S<30>          |   17.863|
B<9>           |S<31>          |   17.005|
B<9>           |S<32>          |   16.828|
B<10>          |S<10>          |    7.056|
B<10>          |S<11>          |    7.968|
B<10>          |S<12>          |    9.607|
B<10>          |S<13>          |    9.799|
B<10>          |S<14>          |   10.687|
B<10>          |S<15>          |   11.313|
B<10>          |S<16>          |   11.775|
B<10>          |S<17>          |   12.312|
B<10>          |S<18>          |   12.621|
B<10>          |S<19>          |   13.296|
B<10>          |S<20>          |   12.643|
B<10>          |S<21>          |   13.455|
B<10>          |S<22>          |   15.136|
B<10>          |S<23>          |   14.988|
B<10>          |S<24>          |   13.624|
B<10>          |S<25>          |   14.029|
B<10>          |S<26>          |   14.227|
B<10>          |S<27>          |   15.079|
B<10>          |S<28>          |   15.842|
B<10>          |S<29>          |   15.298|
B<10>          |S<30>          |   17.045|
B<10>          |S<31>          |   16.187|
B<10>          |S<32>          |   16.010|
B<11>          |S<11>          |    7.856|
B<11>          |S<12>          |   10.124|
B<11>          |S<13>          |   10.316|
B<11>          |S<14>          |   11.204|
B<11>          |S<15>          |   11.830|
B<11>          |S<16>          |   12.292|
B<11>          |S<17>          |   12.829|
B<11>          |S<18>          |   13.138|
B<11>          |S<19>          |   13.813|
B<11>          |S<20>          |   13.160|
B<11>          |S<21>          |   13.972|
B<11>          |S<22>          |   15.653|
B<11>          |S<23>          |   15.505|
B<11>          |S<24>          |   14.141|
B<11>          |S<25>          |   14.546|
B<11>          |S<26>          |   14.744|
B<11>          |S<27>          |   15.596|
B<11>          |S<28>          |   16.359|
B<11>          |S<29>          |   15.815|
B<11>          |S<30>          |   17.562|
B<11>          |S<31>          |   16.704|
B<11>          |S<32>          |   16.527|
B<12>          |S<12>          |    9.119|
B<12>          |S<13>          |    8.624|
B<12>          |S<14>          |    9.791|
B<12>          |S<15>          |   10.417|
B<12>          |S<16>          |   10.721|
B<12>          |S<17>          |   11.258|
B<12>          |S<18>          |   11.567|
B<12>          |S<19>          |   12.242|
B<12>          |S<20>          |   11.589|
B<12>          |S<21>          |   12.401|
B<12>          |S<22>          |   14.082|
B<12>          |S<23>          |   13.934|
B<12>          |S<24>          |   12.570|
B<12>          |S<25>          |   12.975|
B<12>          |S<26>          |   13.173|
B<12>          |S<27>          |   14.025|
B<12>          |S<28>          |   14.788|
B<12>          |S<29>          |   14.244|
B<12>          |S<30>          |   15.991|
B<12>          |S<31>          |   15.133|
B<12>          |S<32>          |   14.956|
B<13>          |S<13>          |    9.336|
B<13>          |S<14>          |   10.100|
B<13>          |S<15>          |   10.726|
B<13>          |S<16>          |   12.216|
B<13>          |S<17>          |   12.753|
B<13>          |S<18>          |   13.062|
B<13>          |S<19>          |   13.737|
B<13>          |S<20>          |   13.084|
B<13>          |S<21>          |   13.896|
B<13>          |S<22>          |   15.577|
B<13>          |S<23>          |   15.429|
B<13>          |S<24>          |   14.065|
B<13>          |S<25>          |   14.470|
B<13>          |S<26>          |   14.668|
B<13>          |S<27>          |   15.520|
B<13>          |S<28>          |   16.283|
B<13>          |S<29>          |   15.739|
B<13>          |S<30>          |   17.486|
B<13>          |S<31>          |   16.628|
B<13>          |S<32>          |   16.451|
B<14>          |S<14>          |    8.669|
B<14>          |S<15>          |    9.301|
B<14>          |S<16>          |   11.908|
B<14>          |S<17>          |   12.445|
B<14>          |S<18>          |   12.754|
B<14>          |S<19>          |   13.429|
B<14>          |S<20>          |   12.776|
B<14>          |S<21>          |   13.588|
B<14>          |S<22>          |   15.269|
B<14>          |S<23>          |   15.121|
B<14>          |S<24>          |   13.757|
B<14>          |S<25>          |   14.162|
B<14>          |S<26>          |   14.360|
B<14>          |S<27>          |   15.212|
B<14>          |S<28>          |   15.975|
B<14>          |S<29>          |   15.431|
B<14>          |S<30>          |   17.178|
B<14>          |S<31>          |   16.320|
B<14>          |S<32>          |   16.143|
B<15>          |S<15>          |    9.730|
B<15>          |S<16>          |    9.863|
B<15>          |S<17>          |   10.400|
B<15>          |S<18>          |   10.709|
B<15>          |S<19>          |   11.384|
B<15>          |S<20>          |   10.731|
B<15>          |S<21>          |   11.543|
B<15>          |S<22>          |   13.224|
B<15>          |S<23>          |   13.076|
B<15>          |S<24>          |   11.712|
B<15>          |S<25>          |   12.117|
B<15>          |S<26>          |   12.315|
B<15>          |S<27>          |   13.167|
B<15>          |S<28>          |   13.930|
B<15>          |S<29>          |   13.386|
B<15>          |S<30>          |   15.133|
B<15>          |S<31>          |   14.275|
B<15>          |S<32>          |   14.098|
B<16>          |S<16>          |    7.914|
B<16>          |S<17>          |    9.129|
B<16>          |S<18>          |    9.129|
B<16>          |S<19>          |    9.804|
B<16>          |S<20>          |   11.039|
B<16>          |S<21>          |   11.851|
B<16>          |S<22>          |   13.532|
B<16>          |S<23>          |   13.384|
B<16>          |S<24>          |   12.248|
B<16>          |S<25>          |   12.653|
B<16>          |S<26>          |   12.851|
B<16>          |S<27>          |   13.703|
B<16>          |S<28>          |   14.466|
B<16>          |S<29>          |   13.922|
B<16>          |S<30>          |   15.669|
B<16>          |S<31>          |   14.811|
B<16>          |S<32>          |   14.634|
B<17>          |S<17>          |    8.491|
B<17>          |S<18>          |    9.926|
B<17>          |S<19>          |   10.601|
B<17>          |S<20>          |   10.690|
B<17>          |S<21>          |   11.502|
B<17>          |S<22>          |   13.183|
B<17>          |S<23>          |   13.035|
B<17>          |S<24>          |   12.045|
B<17>          |S<25>          |   12.450|
B<17>          |S<26>          |   12.648|
B<17>          |S<27>          |   13.500|
B<17>          |S<28>          |   14.263|
B<17>          |S<29>          |   13.719|
B<17>          |S<30>          |   15.466|
B<17>          |S<31>          |   14.608|
B<17>          |S<32>          |   14.431|
B<18>          |S<18>          |    8.447|
B<18>          |S<19>          |    9.059|
B<18>          |S<20>          |   11.150|
B<18>          |S<21>          |   11.962|
B<18>          |S<22>          |   13.643|
B<18>          |S<23>          |   13.495|
B<18>          |S<24>          |   12.359|
B<18>          |S<25>          |   12.764|
B<18>          |S<26>          |   12.962|
B<18>          |S<27>          |   13.814|
B<18>          |S<28>          |   14.577|
B<18>          |S<29>          |   14.033|
B<18>          |S<30>          |   15.780|
B<18>          |S<31>          |   14.922|
B<18>          |S<32>          |   14.745|
B<19>          |S<19>          |    9.332|
B<19>          |S<20>          |   10.778|
B<19>          |S<21>          |   11.590|
B<19>          |S<22>          |   13.271|
B<19>          |S<23>          |   13.123|
B<19>          |S<24>          |   11.987|
B<19>          |S<25>          |   12.392|
B<19>          |S<26>          |   12.590|
B<19>          |S<27>          |   13.442|
B<19>          |S<28>          |   14.205|
B<19>          |S<29>          |   13.661|
B<19>          |S<30>          |   15.408|
B<19>          |S<31>          |   14.550|
B<19>          |S<32>          |   14.373|
B<20>          |S<20>          |    9.258|
B<20>          |S<21>          |    8.932|
B<20>          |S<22>          |   10.157|
B<20>          |S<23>          |   10.009|
B<20>          |S<24>          |   12.481|
B<20>          |S<25>          |   12.886|
B<20>          |S<26>          |   13.084|
B<20>          |S<27>          |   13.936|
B<20>          |S<28>          |   14.699|
B<20>          |S<29>          |   14.155|
B<20>          |S<30>          |   15.902|
B<20>          |S<31>          |   15.044|
B<20>          |S<32>          |   14.867|
B<21>          |S<21>          |    9.032|
B<21>          |S<22>          |   10.335|
B<21>          |S<23>          |   10.187|
B<21>          |S<24>          |   11.207|
B<21>          |S<25>          |   11.612|
B<21>          |S<26>          |   11.810|
B<21>          |S<27>          |   12.662|
B<21>          |S<28>          |   13.425|
B<21>          |S<29>          |   12.881|
B<21>          |S<30>          |   14.628|
B<21>          |S<31>          |   13.770|
B<21>          |S<32>          |   13.593|
B<22>          |S<22>          |    8.431|
B<22>          |S<23>          |    8.625|
B<22>          |S<24>          |   10.972|
B<22>          |S<25>          |   11.377|
B<22>          |S<26>          |   11.575|
B<22>          |S<27>          |   12.427|
B<22>          |S<28>          |   13.190|
B<22>          |S<29>          |   12.646|
B<22>          |S<30>          |   14.393|
B<22>          |S<31>          |   13.535|
B<22>          |S<32>          |   13.358|
B<23>          |S<23>          |    8.979|
B<23>          |S<24>          |   11.395|
B<23>          |S<25>          |   11.800|
B<23>          |S<26>          |   11.998|
B<23>          |S<27>          |   12.850|
B<23>          |S<28>          |   13.613|
B<23>          |S<29>          |   13.069|
B<23>          |S<30>          |   14.816|
B<23>          |S<31>          |   13.958|
B<23>          |S<32>          |   13.781|
B<24>          |S<24>          |    7.810|
B<24>          |S<25>          |    8.302|
B<24>          |S<26>          |    9.390|
B<24>          |S<27>          |   10.242|
B<24>          |S<28>          |   12.008|
B<24>          |S<29>          |   11.464|
B<24>          |S<30>          |   13.211|
B<24>          |S<31>          |   12.353|
B<24>          |S<32>          |   12.553|
B<25>          |S<25>          |    9.527|
B<25>          |S<26>          |    9.345|
B<25>          |S<27>          |   10.197|
B<25>          |S<28>          |   11.800|
B<25>          |S<29>          |   11.256|
B<25>          |S<30>          |   13.003|
B<25>          |S<31>          |   12.145|
B<25>          |S<32>          |   12.482|
B<26>          |S<26>          |    8.056|
B<26>          |S<27>          |    8.971|
B<26>          |S<28>          |   11.382|
B<26>          |S<29>          |   10.838|
B<26>          |S<30>          |   12.585|
B<26>          |S<31>          |   11.727|
B<26>          |S<32>          |   11.612|
B<27>          |S<27>          |    8.976|
B<27>          |S<28>          |   11.715|
B<27>          |S<29>          |   11.171|
B<27>          |S<30>          |   12.918|
B<27>          |S<31>          |   12.060|
B<27>          |S<32>          |   12.260|
B<28>          |S<28>          |    8.238|
B<28>          |S<29>          |    7.317|
B<28>          |S<30>          |   10.517|
B<28>          |S<31>          |    9.659|
B<28>          |S<32>          |   10.873|
B<29>          |S<29>          |    8.444|
B<29>          |S<30>          |    9.635|
B<29>          |S<31>          |    8.777|
B<29>          |S<32>          |   11.421|
B<30>          |S<30>          |    8.386|
B<30>          |S<31>          |    8.222|
B<30>          |S<32>          |   11.277|
B<31>          |S<31>          |    8.481|
B<31>          |S<32>          |   10.792|
---------------+---------------+---------+


Analysis completed Sat Feb 03 01:55:50 2024 
--------------------------------------------------------------------------------

Trace Settings:
-------------------------
Trace Settings 

Peak Memory Usage: 4486 MB



