--------------------------------------------------------------------------------
Release 14.7 Trace  (nt64)
Copyright (c) 1995-2013 Xilinx, Inc.  All rights reserved.

E:\Xilinx\14.7\ISE_DS\ISE\bin\nt64\unwrapped\trce.exe -intstyle ise -v 3 -s 5
-n 3 -fastpaths -xml HanCarlson32b.twx HanCarlson32b.ncd -o HanCarlson32b.twr
HanCarlson32b.pcf

Design file:              HanCarlson32b.ncd
Physical constraint file: HanCarlson32b.pcf
Device,package,speed:     xc3s50,pq208,-5 (PRODUCTION 1.39 2013-10-13)
Report level:             verbose report

Environment Variable      Effect 
--------------------      ------ 
NONE                      No environment variables were set
--------------------------------------------------------------------------------

INFO:Timing:2698 - No timing constraints found, doing default enumeration.
INFO:Timing:3412 - To improve timing, see the Timing Closure User Guide (UG612).
INFO:Timing:2752 - To get complete path coverage, use the unconstrained paths 
   option. All paths that are not constrained will be reported in the 
   unconstrained paths section(s) of the report.
INFO:Timing:3339 - The clock-to-out numbers in this timing report are based on 
   a 50 Ohm transmission line loading model.  For the details of this model, 
   and for more information on accounting for different loading conditions, 
   please see the device datasheet.
INFO:Timing:3390 - This architecture does not support a default System Jitter 
   value, please add SYSTEM_JITTER constraint to the UCF to modify the Clock 
   Uncertainty calculation.
INFO:Timing:3389 - This architecture does not support 'Discrete Jitter' and 
   'Phase Error' calculations, these terms will be zero in the Clock 
   Uncertainty calculation.  Please make appropriate modification to 
   SYSTEM_JITTER to account for the unsupported Discrete Jitter and Phase 
   Error.



Data Sheet report:
-----------------
All values displayed in nanoseconds (ns)

Pad to Pad
---------------+---------------+---------+
Source Pad     |Destination Pad|  Delay  |
---------------+---------------+---------+
A<0>           |S<0>           |    7.321|
A<0>           |S<1>           |    7.142|
A<0>           |S<2>           |    8.364|
A<0>           |S<3>           |    8.242|
A<0>           |S<4>           |   10.872|
A<0>           |S<5>           |   10.864|
A<0>           |S<6>           |   10.510|
A<0>           |S<7>           |   10.699|
A<0>           |S<8>           |   11.900|
A<0>           |S<9>           |   12.272|
A<0>           |S<10>          |   11.054|
A<0>           |S<11>          |   10.893|
A<0>           |S<12>          |   13.662|
A<0>           |S<13>          |   12.969|
A<0>           |S<14>          |   12.281|
A<0>           |S<15>          |   12.069|
A<0>           |S<16>          |   13.143|
A<0>           |S<17>          |   13.145|
A<0>           |S<18>          |   12.565|
A<0>           |S<19>          |   13.132|
A<0>           |S<20>          |   14.587|
A<0>           |S<21>          |   14.598|
A<0>           |S<22>          |   13.132|
A<0>           |S<23>          |   14.720|
A<0>           |S<24>          |   14.873|
A<0>           |S<25>          |   15.500|
A<0>           |S<26>          |   14.274|
A<0>           |S<27>          |   14.570|
A<0>           |S<28>          |   15.441|
A<0>           |S<29>          |   16.812|
A<0>           |S<30>          |   16.921|
A<0>           |S<31>          |   17.502|
A<0>           |S<32>          |   15.534|
A<1>           |S<1>           |    7.506|
A<1>           |S<2>           |    8.729|
A<1>           |S<3>           |    8.607|
A<1>           |S<4>           |   11.237|
A<1>           |S<5>           |   11.229|
A<1>           |S<6>           |   10.875|
A<1>           |S<7>           |   11.064|
A<1>           |S<8>           |   12.265|
A<1>           |S<9>           |   12.637|
A<1>           |S<10>          |   11.419|
A<1>           |S<11>          |   11.258|
A<1>           |S<12>          |   14.027|
A<1>           |S<13>          |   13.334|
A<1>           |S<14>          |   12.646|
A<1>           |S<15>          |   12.434|
A<1>           |S<16>          |   13.508|
A<1>           |S<17>          |   13.510|
A<1>           |S<18>          |   12.930|
A<1>           |S<19>          |   13.497|
A<1>           |S<20>          |   14.952|
A<1>           |S<21>          |   14.963|
A<1>           |S<22>          |   13.497|
A<1>           |S<23>          |   15.085|
A<1>           |S<24>          |   15.238|
A<1>           |S<25>          |   15.865|
A<1>           |S<26>          |   14.639|
A<1>           |S<27>          |   14.935|
A<1>           |S<28>          |   15.806|
A<1>           |S<29>          |   17.177|
A<1>           |S<30>          |   17.286|
A<1>           |S<31>          |   17.867|
A<1>           |S<32>          |   15.899|
A<2>           |S<2>           |    7.882|
A<2>           |S<3>           |    7.450|
A<2>           |S<4>           |   10.152|
A<2>           |S<5>           |   10.144|
A<2>           |S<6>           |   12.845|
A<2>           |S<7>           |   13.034|
A<2>           |S<8>           |   11.180|
A<2>           |S<9>           |   11.552|
A<2>           |S<10>          |   12.763|
A<2>           |S<11>          |   12.602|
A<2>           |S<12>          |   12.942|
A<2>           |S<13>          |   12.249|
A<2>           |S<14>          |   14.616|
A<2>           |S<15>          |   14.404|
A<2>           |S<16>          |   12.423|
A<2>           |S<17>          |   12.425|
A<2>           |S<18>          |   14.274|
A<2>           |S<19>          |   14.841|
A<2>           |S<20>          |   13.867|
A<2>           |S<21>          |   13.878|
A<2>           |S<22>          |   15.467|
A<2>           |S<23>          |   17.055|
A<2>           |S<24>          |   14.153|
A<2>           |S<25>          |   14.780|
A<2>           |S<26>          |   15.983|
A<2>           |S<27>          |   16.279|
A<2>           |S<28>          |   14.721|
A<2>           |S<29>          |   16.092|
A<2>           |S<30>          |   19.256|
A<2>           |S<31>          |   19.837|
A<2>           |S<32>          |   14.814|
A<3>           |S<3>           |    8.135|
A<3>           |S<4>           |   10.670|
A<3>           |S<5>           |   10.662|
A<3>           |S<6>           |   13.023|
A<3>           |S<7>           |   13.212|
A<3>           |S<8>           |   11.698|
A<3>           |S<9>           |   12.070|
A<3>           |S<10>          |   12.963|
A<3>           |S<11>          |   12.802|
A<3>           |S<12>          |   13.460|
A<3>           |S<13>          |   12.767|
A<3>           |S<14>          |   14.794|
A<3>           |S<15>          |   14.582|
A<3>           |S<16>          |   12.941|
A<3>           |S<17>          |   12.943|
A<3>           |S<18>          |   14.474|
A<3>           |S<19>          |   15.041|
A<3>           |S<20>          |   14.385|
A<3>           |S<21>          |   14.396|
A<3>           |S<22>          |   15.645|
A<3>           |S<23>          |   17.233|
A<3>           |S<24>          |   14.671|
A<3>           |S<25>          |   15.298|
A<3>           |S<26>          |   16.183|
A<3>           |S<27>          |   16.479|
A<3>           |S<28>          |   15.239|
A<3>           |S<29>          |   16.610|
A<3>           |S<30>          |   19.434|
A<3>           |S<31>          |   20.015|
A<3>           |S<32>          |   15.332|
A<4>           |S<4>           |    7.784|
A<4>           |S<5>           |    7.881|
A<4>           |S<6>           |   12.463|
A<4>           |S<7>           |   12.652|
A<4>           |S<8>           |   11.577|
A<4>           |S<9>           |   11.949|
A<4>           |S<10>          |   12.381|
A<4>           |S<11>          |   12.220|
A<4>           |S<12>          |   13.135|
A<4>           |S<13>          |   12.442|
A<4>           |S<14>          |   14.234|
A<4>           |S<15>          |   14.022|
A<4>           |S<16>          |   12.820|
A<4>           |S<17>          |   12.822|
A<4>           |S<18>          |   13.892|
A<4>           |S<19>          |   14.459|
A<4>           |S<20>          |   14.060|
A<4>           |S<21>          |   14.071|
A<4>           |S<22>          |   15.085|
A<4>           |S<23>          |   16.673|
A<4>           |S<24>          |   14.550|
A<4>           |S<25>          |   15.177|
A<4>           |S<26>          |   15.601|
A<4>           |S<27>          |   15.897|
A<4>           |S<28>          |   14.914|
A<4>           |S<29>          |   16.285|
A<4>           |S<30>          |   18.874|
A<4>           |S<31>          |   19.455|
A<4>           |S<32>          |   15.211|
A<5>           |S<5>           |    9.185|
A<5>           |S<6>           |   12.045|
A<5>           |S<7>           |   12.234|
A<5>           |S<8>           |   11.245|
A<5>           |S<9>           |   11.617|
A<5>           |S<10>          |   11.963|
A<5>           |S<11>          |   11.802|
A<5>           |S<12>          |   12.803|
A<5>           |S<13>          |   12.110|
A<5>           |S<14>          |   13.816|
A<5>           |S<15>          |   13.604|
A<5>           |S<16>          |   12.488|
A<5>           |S<17>          |   12.490|
A<5>           |S<18>          |   13.474|
A<5>           |S<19>          |   14.041|
A<5>           |S<20>          |   13.728|
A<5>           |S<21>          |   13.739|
A<5>           |S<22>          |   14.667|
A<5>           |S<23>          |   16.255|
A<5>           |S<24>          |   14.218|
A<5>           |S<25>          |   14.845|
A<5>           |S<26>          |   15.183|
A<5>           |S<27>          |   15.479|
A<5>           |S<28>          |   14.582|
A<5>           |S<29>          |   15.953|
A<5>           |S<30>          |   18.456|
A<5>           |S<31>          |   19.037|
A<5>           |S<32>          |   14.879|
A<6>           |S<6>           |    9.103|
A<6>           |S<7>           |    9.549|
A<6>           |S<8>           |   10.717|
A<6>           |S<9>           |   11.089|
A<6>           |S<10>          |   11.609|
A<6>           |S<11>          |   11.448|
A<6>           |S<12>          |   12.529|
A<6>           |S<13>          |   11.836|
A<6>           |S<14>          |   11.637|
A<6>           |S<15>          |   11.425|
A<6>           |S<16>          |   11.960|
A<6>           |S<17>          |   11.962|
A<6>           |S<18>          |   13.120|
A<6>           |S<19>          |   13.687|
A<6>           |S<20>          |   13.454|
A<6>           |S<21>          |   13.465|
A<6>           |S<22>          |   12.488|
A<6>           |S<23>          |   14.076|
A<6>           |S<24>          |   13.690|
A<6>           |S<25>          |   14.317|
A<6>           |S<26>          |   14.829|
A<6>           |S<27>          |   15.125|
A<6>           |S<28>          |   14.308|
A<6>           |S<29>          |   15.679|
A<6>           |S<30>          |   16.277|
A<6>           |S<31>          |   16.858|
A<6>           |S<32>          |   14.351|
A<7>           |S<7>           |   10.224|
A<7>           |S<8>           |   11.249|
A<7>           |S<9>           |   11.621|
A<7>           |S<10>          |   12.141|
A<7>           |S<11>          |   11.980|
A<7>           |S<12>          |   13.061|
A<7>           |S<13>          |   12.368|
A<7>           |S<14>          |   12.169|
A<7>           |S<15>          |   11.957|
A<7>           |S<16>          |   12.492|
A<7>           |S<17>          |   12.494|
A<7>           |S<18>          |   13.652|
A<7>           |S<19>          |   14.219|
A<7>           |S<20>          |   13.986|
A<7>           |S<21>          |   13.997|
A<7>           |S<22>          |   13.020|
A<7>           |S<23>          |   14.608|
A<7>           |S<24>          |   14.222|
A<7>           |S<25>          |   14.849|
A<7>           |S<26>          |   15.361|
A<7>           |S<27>          |   15.657|
A<7>           |S<28>          |   14.840|
A<7>           |S<29>          |   16.211|
A<7>           |S<30>          |   16.809|
A<7>           |S<31>          |   17.390|
A<7>           |S<32>          |   14.883|
A<8>           |S<8>           |    7.749|
A<8>           |S<9>           |    8.504|
A<8>           |S<10>          |   10.574|
A<8>           |S<11>          |   10.413|
A<8>           |S<12>          |   12.147|
A<8>           |S<13>          |   11.454|
A<8>           |S<14>          |   11.365|
A<8>           |S<15>          |   11.153|
A<8>           |S<16>          |   11.065|
A<8>           |S<17>          |   11.067|
A<8>           |S<18>          |   12.085|
A<8>           |S<19>          |   12.652|
A<8>           |S<20>          |   13.072|
A<8>           |S<21>          |   13.083|
A<8>           |S<22>          |   12.216|
A<8>           |S<23>          |   13.804|
A<8>           |S<24>          |   12.795|
A<8>           |S<25>          |   13.422|
A<8>           |S<26>          |   13.794|
A<8>           |S<27>          |   14.090|
A<8>           |S<28>          |   13.926|
A<8>           |S<29>          |   15.297|
A<8>           |S<30>          |   16.005|
A<8>           |S<31>          |   16.586|
A<8>           |S<32>          |   13.456|
A<9>           |S<9>           |    7.959|
A<9>           |S<10>          |   10.162|
A<9>           |S<11>          |   10.001|
A<9>           |S<12>          |   11.735|
A<9>           |S<13>          |   11.042|
A<9>           |S<14>          |   10.953|
A<9>           |S<15>          |   10.741|
A<9>           |S<16>          |   10.608|
A<9>           |S<17>          |   10.610|
A<9>           |S<18>          |   11.673|
A<9>           |S<19>          |   12.240|
A<9>           |S<20>          |   12.660|
A<9>           |S<21>          |   12.671|
A<9>           |S<22>          |   11.804|
A<9>           |S<23>          |   13.392|
A<9>           |S<24>          |   12.338|
A<9>           |S<25>          |   12.965|
A<9>           |S<26>          |   13.382|
A<9>           |S<27>          |   13.678|
A<9>           |S<28>          |   13.514|
A<9>           |S<29>          |   14.885|
A<9>           |S<30>          |   15.593|
A<9>           |S<31>          |   16.174|
A<9>           |S<32>          |   12.999|
A<10>          |S<10>          |    8.033|
A<10>          |S<11>          |    8.326|
A<10>          |S<12>          |   11.316|
A<10>          |S<13>          |   10.623|
A<10>          |S<14>          |   11.600|
A<10>          |S<15>          |   11.388|
A<10>          |S<16>          |   10.964|
A<10>          |S<17>          |   10.966|
A<10>          |S<18>          |   12.445|
A<10>          |S<19>          |   13.012|
A<10>          |S<20>          |   12.241|
A<10>          |S<21>          |   12.252|
A<10>          |S<22>          |   12.451|
A<10>          |S<23>          |   14.039|
A<10>          |S<24>          |   12.694|
A<10>          |S<25>          |   13.321|
A<10>          |S<26>          |   14.154|
A<10>          |S<27>          |   14.450|
A<10>          |S<28>          |   13.095|
A<10>          |S<29>          |   14.466|
A<10>          |S<30>          |   16.240|
A<10>          |S<31>          |   16.821|
A<10>          |S<32>          |   13.355|
A<11>          |S<11>          |    8.729|
A<11>          |S<12>          |   11.153|
A<11>          |S<13>          |   10.460|
A<11>          |S<14>          |   11.437|
A<11>          |S<15>          |   11.225|
A<11>          |S<16>          |   11.078|
A<11>          |S<17>          |   11.080|
A<11>          |S<18>          |   12.282|
A<11>          |S<19>          |   12.849|
A<11>          |S<20>          |   12.078|
A<11>          |S<21>          |   12.089|
A<11>          |S<22>          |   12.288|
A<11>          |S<23>          |   13.876|
A<11>          |S<24>          |   12.808|
A<11>          |S<25>          |   13.435|
A<11>          |S<26>          |   13.991|
A<11>          |S<27>          |   14.287|
A<11>          |S<28>          |   12.932|
A<11>          |S<29>          |   14.303|
A<11>          |S<30>          |   16.077|
A<11>          |S<31>          |   16.658|
A<11>          |S<32>          |   13.469|
A<12>          |S<12>          |    8.303|
A<12>          |S<13>          |    7.610|
A<12>          |S<14>          |   11.128|
A<12>          |S<15>          |   10.916|
A<12>          |S<16>          |   12.027|
A<12>          |S<17>          |   12.029|
A<12>          |S<18>          |   11.973|
A<12>          |S<19>          |   12.540|
A<12>          |S<20>          |   12.517|
A<12>          |S<21>          |   12.528|
A<12>          |S<22>          |   11.979|
A<12>          |S<23>          |   13.567|
A<12>          |S<24>          |   13.757|
A<12>          |S<25>          |   14.384|
A<12>          |S<26>          |   13.682|
A<12>          |S<27>          |   13.978|
A<12>          |S<28>          |   13.371|
A<12>          |S<29>          |   14.742|
A<12>          |S<30>          |   15.768|
A<12>          |S<31>          |   16.349|
A<12>          |S<32>          |   14.418|
A<13>          |S<13>          |    8.041|
A<13>          |S<14>          |   11.836|
A<13>          |S<15>          |   11.624|
A<13>          |S<16>          |   11.795|
A<13>          |S<17>          |   11.797|
A<13>          |S<18>          |   12.681|
A<13>          |S<19>          |   13.248|
A<13>          |S<20>          |   12.285|
A<13>          |S<21>          |   12.296|
A<13>          |S<22>          |   12.687|
A<13>          |S<23>          |   14.275|
A<13>          |S<24>          |   13.525|
A<13>          |S<25>          |   14.152|
A<13>          |S<26>          |   14.390|
A<13>          |S<27>          |   14.686|
A<13>          |S<28>          |   13.139|
A<13>          |S<29>          |   14.510|
A<13>          |S<30>          |   16.476|
A<13>          |S<31>          |   17.057|
A<13>          |S<32>          |   14.186|
A<14>          |S<14>          |    8.959|
A<14>          |S<15>          |    8.462|
A<14>          |S<16>          |   12.777|
A<14>          |S<17>          |   12.779|
A<14>          |S<18>          |   11.083|
A<14>          |S<19>          |   11.650|
A<14>          |S<20>          |   13.185|
A<14>          |S<21>          |   13.196|
A<14>          |S<22>          |   10.552|
A<14>          |S<23>          |   12.140|
A<14>          |S<24>          |   14.507|
A<14>          |S<25>          |   15.134|
A<14>          |S<26>          |   12.792|
A<14>          |S<27>          |   13.088|
A<14>          |S<28>          |   14.039|
A<14>          |S<29>          |   15.410|
A<14>          |S<30>          |   14.341|
A<14>          |S<31>          |   14.922|
A<14>          |S<32>          |   15.168|
A<15>          |S<15>          |    9.311|
A<15>          |S<16>          |   13.004|
A<15>          |S<17>          |   13.006|
A<15>          |S<18>          |   12.222|
A<15>          |S<19>          |   12.789|
A<15>          |S<20>          |   13.412|
A<15>          |S<21>          |   13.423|
A<15>          |S<22>          |   12.034|
A<15>          |S<23>          |   13.622|
A<15>          |S<24>          |   14.734|
A<15>          |S<25>          |   15.361|
A<15>          |S<26>          |   13.931|
A<15>          |S<27>          |   14.227|
A<15>          |S<28>          |   14.266|
A<15>          |S<29>          |   15.637|
A<15>          |S<30>          |   15.823|
A<15>          |S<31>          |   16.404|
A<15>          |S<32>          |   15.395|
A<16>          |S<16>          |    8.275|
A<16>          |S<17>          |    8.514|
A<16>          |S<18>          |   12.835|
A<16>          |S<19>          |   13.402|
A<16>          |S<20>          |   12.005|
A<16>          |S<21>          |   12.016|
A<16>          |S<22>          |   12.047|
A<16>          |S<23>          |   13.635|
A<16>          |S<24>          |   12.035|
A<16>          |S<25>          |   12.662|
A<16>          |S<26>          |   14.544|
A<16>          |S<27>          |   14.840|
A<16>          |S<28>          |   12.859|
A<16>          |S<29>          |   14.230|
A<16>          |S<30>          |   15.836|
A<16>          |S<31>          |   16.417|
A<16>          |S<32>          |   12.696|
A<17>          |S<17>          |    9.643|
A<17>          |S<18>          |   12.055|
A<17>          |S<19>          |   12.622|
A<17>          |S<20>          |   11.225|
A<17>          |S<21>          |   11.236|
A<17>          |S<22>          |   11.267|
A<17>          |S<23>          |   12.855|
A<17>          |S<24>          |   11.418|
A<17>          |S<25>          |   12.045|
A<17>          |S<26>          |   13.764|
A<17>          |S<27>          |   14.060|
A<17>          |S<28>          |   12.079|
A<17>          |S<29>          |   13.450|
A<17>          |S<30>          |   15.056|
A<17>          |S<31>          |   15.637|
A<17>          |S<32>          |   12.079|
A<18>          |S<18>          |    9.012|
A<18>          |S<19>          |    8.820|
A<18>          |S<20>          |   11.613|
A<18>          |S<21>          |   11.624|
A<18>          |S<22>          |   11.609|
A<18>          |S<23>          |   13.016|
A<18>          |S<24>          |   11.879|
A<18>          |S<25>          |   12.506|
A<18>          |S<26>          |   13.338|
A<18>          |S<27>          |   13.634|
A<18>          |S<28>          |   12.467|
A<18>          |S<29>          |   13.838|
A<18>          |S<30>          |   15.217|
A<18>          |S<31>          |   15.798|
A<18>          |S<32>          |   12.540|
A<19>          |S<19>          |    8.885|
A<19>          |S<20>          |   11.387|
A<19>          |S<21>          |   11.398|
A<19>          |S<22>          |   11.202|
A<19>          |S<23>          |   12.790|
A<19>          |S<24>          |   11.653|
A<19>          |S<25>          |   12.280|
A<19>          |S<26>          |   12.819|
A<19>          |S<27>          |   13.115|
A<19>          |S<28>          |   12.241|
A<19>          |S<29>          |   13.612|
A<19>          |S<30>          |   14.991|
A<19>          |S<31>          |   15.572|
A<19>          |S<32>          |   12.314|
A<20>          |S<20>          |    9.016|
A<20>          |S<21>          |    9.014|
A<20>          |S<22>          |   11.370|
A<20>          |S<23>          |   12.958|
A<20>          |S<24>          |   12.117|
A<20>          |S<25>          |   12.744|
A<20>          |S<26>          |   12.468|
A<20>          |S<27>          |   12.764|
A<20>          |S<28>          |   11.647|
A<20>          |S<29>          |   13.018|
A<20>          |S<30>          |   15.159|
A<20>          |S<31>          |   15.740|
A<20>          |S<32>          |   12.778|
A<21>          |S<21>          |    9.293|
A<21>          |S<22>          |   11.676|
A<21>          |S<23>          |   13.264|
A<21>          |S<24>          |   11.981|
A<21>          |S<25>          |   12.608|
A<21>          |S<26>          |   13.020|
A<21>          |S<27>          |   13.316|
A<21>          |S<28>          |   11.511|
A<21>          |S<29>          |   12.882|
A<21>          |S<30>          |   15.465|
A<21>          |S<31>          |   16.046|
A<21>          |S<32>          |   12.642|
A<22>          |S<22>          |    8.415|
A<22>          |S<23>          |    8.314|
A<22>          |S<24>          |   12.109|
A<22>          |S<25>          |   12.736|
A<22>          |S<26>          |   10.976|
A<22>          |S<27>          |   11.272|
A<22>          |S<28>          |   11.107|
A<22>          |S<29>          |   12.478|
A<22>          |S<30>          |   11.815|
A<22>          |S<31>          |   12.396|
A<22>          |S<32>          |   12.770|
A<23>          |S<23>          |    8.582|
A<23>          |S<24>          |   12.022|
A<23>          |S<25>          |   12.649|
A<23>          |S<26>          |   10.896|
A<23>          |S<27>          |   11.192|
A<23>          |S<28>          |   11.020|
A<23>          |S<29>          |   12.391|
A<23>          |S<30>          |   11.735|
A<23>          |S<31>          |   12.316|
A<23>          |S<32>          |   12.683|
A<24>          |S<24>          |    8.621|
A<24>          |S<25>          |    9.322|
A<24>          |S<26>          |   10.389|
A<24>          |S<27>          |   10.685|
A<24>          |S<28>          |   11.112|
A<24>          |S<29>          |   12.483|
A<24>          |S<30>          |   12.984|
A<24>          |S<31>          |   13.565|
A<24>          |S<32>          |   11.646|
A<25>          |S<25>          |    9.632|
A<25>          |S<26>          |   10.689|
A<25>          |S<27>          |   10.985|
A<25>          |S<28>          |   11.138|
A<25>          |S<29>          |   12.509|
A<25>          |S<30>          |   13.010|
A<25>          |S<31>          |   13.591|
A<25>          |S<32>          |   12.254|
A<26>          |S<26>          |    8.337|
A<26>          |S<27>          |    8.920|
A<26>          |S<28>          |   11.324|
A<26>          |S<29>          |   12.695|
A<26>          |S<30>          |   11.175|
A<26>          |S<31>          |   11.756|
A<26>          |S<32>          |   12.472|
A<27>          |S<27>          |    8.557|
A<27>          |S<28>          |    9.856|
A<27>          |S<29>          |   11.227|
A<27>          |S<30>          |    9.915|
A<27>          |S<31>          |   10.496|
A<27>          |S<32>          |   11.004|
A<28>          |S<28>          |    8.413|
A<28>          |S<29>          |    8.456|
A<28>          |S<30>          |    9.298|
A<28>          |S<31>          |   10.897|
A<28>          |S<32>          |   10.936|
A<29>          |S<29>          |    8.961|
A<29>          |S<30>          |   10.066|
A<29>          |S<31>          |   11.665|
A<29>          |S<32>          |   11.704|
A<30>          |S<30>          |    9.349|
A<30>          |S<31>          |    8.460|
A<30>          |S<32>          |   10.292|
A<31>          |S<31>          |    9.340|
A<31>          |S<32>          |    9.421|
B<0>           |S<0>           |    7.739|
B<0>           |S<1>           |    7.573|
B<0>           |S<2>           |    8.441|
B<0>           |S<3>           |    8.319|
B<0>           |S<4>           |   10.949|
B<0>           |S<5>           |   10.941|
B<0>           |S<6>           |   10.587|
B<0>           |S<7>           |   10.776|
B<0>           |S<8>           |   11.977|
B<0>           |S<9>           |   12.349|
B<0>           |S<10>          |   11.131|
B<0>           |S<11>          |   10.970|
B<0>           |S<12>          |   13.739|
B<0>           |S<13>          |   13.046|
B<0>           |S<14>          |   12.358|
B<0>           |S<15>          |   12.146|
B<0>           |S<16>          |   13.220|
B<0>           |S<17>          |   13.222|
B<0>           |S<18>          |   12.642|
B<0>           |S<19>          |   13.209|
B<0>           |S<20>          |   14.664|
B<0>           |S<21>          |   14.675|
B<0>           |S<22>          |   13.209|
B<0>           |S<23>          |   14.797|
B<0>           |S<24>          |   14.950|
B<0>           |S<25>          |   15.577|
B<0>           |S<26>          |   14.351|
B<0>           |S<27>          |   14.647|
B<0>           |S<28>          |   15.518|
B<0>           |S<29>          |   16.889|
B<0>           |S<30>          |   16.998|
B<0>           |S<31>          |   17.579|
B<0>           |S<32>          |   15.611|
B<1>           |S<1>           |    7.539|
B<1>           |S<2>           |    8.269|
B<1>           |S<3>           |    8.147|
B<1>           |S<4>           |   10.777|
B<1>           |S<5>           |   10.769|
B<1>           |S<6>           |   10.415|
B<1>           |S<7>           |   10.604|
B<1>           |S<8>           |   11.805|
B<1>           |S<9>           |   12.177|
B<1>           |S<10>          |   10.959|
B<1>           |S<11>          |   10.798|
B<1>           |S<12>          |   13.567|
B<1>           |S<13>          |   12.874|
B<1>           |S<14>          |   12.186|
B<1>           |S<15>          |   11.974|
B<1>           |S<16>          |   13.048|
B<1>           |S<17>          |   13.050|
B<1>           |S<18>          |   12.470|
B<1>           |S<19>          |   13.037|
B<1>           |S<20>          |   14.492|
B<1>           |S<21>          |   14.503|
B<1>           |S<22>          |   13.037|
B<1>           |S<23>          |   14.625|
B<1>           |S<24>          |   14.778|
B<1>           |S<25>          |   15.405|
B<1>           |S<26>          |   14.179|
B<1>           |S<27>          |   14.475|
B<1>           |S<28>          |   15.346|
B<1>           |S<29>          |   16.717|
B<1>           |S<30>          |   16.826|
B<1>           |S<31>          |   17.407|
B<1>           |S<32>          |   15.439|
B<2>           |S<2>           |    7.705|
B<2>           |S<3>           |    7.359|
B<2>           |S<4>           |    9.792|
B<2>           |S<5>           |    9.784|
B<2>           |S<6>           |   12.376|
B<2>           |S<7>           |   12.565|
B<2>           |S<8>           |   10.820|
B<2>           |S<9>           |   11.192|
B<2>           |S<10>          |   12.294|
B<2>           |S<11>          |   12.133|
B<2>           |S<12>          |   12.582|
B<2>           |S<13>          |   11.889|
B<2>           |S<14>          |   14.147|
B<2>           |S<15>          |   13.935|
B<2>           |S<16>          |   12.063|
B<2>           |S<17>          |   12.065|
B<2>           |S<18>          |   13.805|
B<2>           |S<19>          |   14.372|
B<2>           |S<20>          |   13.507|
B<2>           |S<21>          |   13.518|
B<2>           |S<22>          |   14.998|
B<2>           |S<23>          |   16.586|
B<2>           |S<24>          |   13.793|
B<2>           |S<25>          |   14.420|
B<2>           |S<26>          |   15.514|
B<2>           |S<27>          |   15.810|
B<2>           |S<28>          |   14.361|
B<2>           |S<29>          |   15.732|
B<2>           |S<30>          |   18.787|
B<2>           |S<31>          |   19.368|
B<2>           |S<32>          |   14.454|
B<3>           |S<3>           |    7.420|
B<3>           |S<4>           |    9.935|
B<3>           |S<5>           |    9.927|
B<3>           |S<6>           |   12.732|
B<3>           |S<7>           |   12.921|
B<3>           |S<8>           |   10.963|
B<3>           |S<9>           |   11.335|
B<3>           |S<10>          |   12.650|
B<3>           |S<11>          |   12.489|
B<3>           |S<12>          |   12.725|
B<3>           |S<13>          |   12.032|
B<3>           |S<14>          |   14.503|
B<3>           |S<15>          |   14.291|
B<3>           |S<16>          |   12.206|
B<3>           |S<17>          |   12.208|
B<3>           |S<18>          |   14.161|
B<3>           |S<19>          |   14.728|
B<3>           |S<20>          |   13.650|
B<3>           |S<21>          |   13.661|
B<3>           |S<22>          |   15.354|
B<3>           |S<23>          |   16.942|
B<3>           |S<24>          |   13.936|
B<3>           |S<25>          |   14.563|
B<3>           |S<26>          |   15.870|
B<3>           |S<27>          |   16.166|
B<3>           |S<28>          |   14.504|
B<3>           |S<29>          |   15.875|
B<3>           |S<30>          |   19.143|
B<3>           |S<31>          |   19.724|
B<3>           |S<32>          |   14.597|
B<4>           |S<4>           |    8.158|
B<4>           |S<5>           |    8.219|
B<4>           |S<6>           |   12.515|
B<4>           |S<7>           |   12.704|
B<4>           |S<8>           |   11.810|
B<4>           |S<9>           |   12.182|
B<4>           |S<10>          |   12.433|
B<4>           |S<11>          |   12.272|
B<4>           |S<12>          |   13.368|
B<4>           |S<13>          |   12.675|
B<4>           |S<14>          |   14.286|
B<4>           |S<15>          |   14.074|
B<4>           |S<16>          |   13.053|
B<4>           |S<17>          |   13.055|
B<4>           |S<18>          |   13.944|
B<4>           |S<19>          |   14.511|
B<4>           |S<20>          |   14.293|
B<4>           |S<21>          |   14.304|
B<4>           |S<22>          |   15.137|
B<4>           |S<23>          |   16.725|
B<4>           |S<24>          |   14.783|
B<4>           |S<25>          |   15.410|
B<4>           |S<26>          |   15.653|
B<4>           |S<27>          |   15.949|
B<4>           |S<28>          |   15.147|
B<4>           |S<29>          |   16.518|
B<4>           |S<30>          |   18.926|
B<4>           |S<31>          |   19.507|
B<4>           |S<32>          |   15.444|
B<5>           |S<5>           |    8.811|
B<5>           |S<6>           |   11.944|
B<5>           |S<7>           |   12.133|
B<5>           |S<8>           |   10.871|
B<5>           |S<9>           |   11.243|
B<5>           |S<10>          |   11.862|
B<5>           |S<11>          |   11.701|
B<5>           |S<12>          |   12.429|
B<5>           |S<13>          |   11.736|
B<5>           |S<14>          |   13.715|
B<5>           |S<15>          |   13.503|
B<5>           |S<16>          |   12.114|
B<5>           |S<17>          |   12.116|
B<5>           |S<18>          |   13.373|
B<5>           |S<19>          |   13.940|
B<5>           |S<20>          |   13.354|
B<5>           |S<21>          |   13.365|
B<5>           |S<22>          |   14.566|
B<5>           |S<23>          |   16.154|
B<5>           |S<24>          |   13.844|
B<5>           |S<25>          |   14.471|
B<5>           |S<26>          |   15.082|
B<5>           |S<27>          |   15.378|
B<5>           |S<28>          |   14.208|
B<5>           |S<29>          |   15.579|
B<5>           |S<30>          |   18.355|
B<5>           |S<31>          |   18.936|
B<5>           |S<32>          |   14.505|
B<6>           |S<6>           |    8.636|
B<6>           |S<7>           |    9.872|
B<6>           |S<8>           |   11.443|
B<6>           |S<9>           |   11.815|
B<6>           |S<10>          |   12.335|
B<6>           |S<11>          |   12.174|
B<6>           |S<12>          |   13.255|
B<6>           |S<13>          |   12.562|
B<6>           |S<14>          |   12.363|
B<6>           |S<15>          |   12.151|
B<6>           |S<16>          |   12.686|
B<6>           |S<17>          |   12.688|
B<6>           |S<18>          |   13.846|
B<6>           |S<19>          |   14.413|
B<6>           |S<20>          |   14.180|
B<6>           |S<21>          |   14.191|
B<6>           |S<22>          |   13.214|
B<6>           |S<23>          |   14.802|
B<6>           |S<24>          |   14.416|
B<6>           |S<25>          |   15.043|
B<6>           |S<26>          |   15.555|
B<6>           |S<27>          |   15.851|
B<6>           |S<28>          |   15.034|
B<6>           |S<29>          |   16.405|
B<6>           |S<30>          |   17.003|
B<6>           |S<31>          |   17.584|
B<6>           |S<32>          |   15.077|
B<7>           |S<7>           |    9.734|
B<7>           |S<8>           |   11.049|
B<7>           |S<9>           |   11.421|
B<7>           |S<10>          |   11.941|
B<7>           |S<11>          |   11.780|
B<7>           |S<12>          |   12.861|
B<7>           |S<13>          |   12.168|
B<7>           |S<14>          |   11.969|
B<7>           |S<15>          |   11.757|
B<7>           |S<16>          |   12.292|
B<7>           |S<17>          |   12.294|
B<7>           |S<18>          |   13.452|
B<7>           |S<19>          |   14.019|
B<7>           |S<20>          |   13.786|
B<7>           |S<21>          |   13.797|
B<7>           |S<22>          |   12.820|
B<7>           |S<23>          |   14.408|
B<7>           |S<24>          |   14.022|
B<7>           |S<25>          |   14.649|
B<7>           |S<26>          |   15.161|
B<7>           |S<27>          |   15.457|
B<7>           |S<28>          |   14.640|
B<7>           |S<29>          |   16.011|
B<7>           |S<30>          |   16.609|
B<7>           |S<31>          |   17.190|
B<7>           |S<32>          |   14.683|
B<8>           |S<8>           |    8.385|
B<8>           |S<9>           |    8.786|
B<8>           |S<10>          |   11.359|
B<8>           |S<11>          |   11.198|
B<8>           |S<12>          |   12.932|
B<8>           |S<13>          |   12.239|
B<8>           |S<14>          |   12.150|
B<8>           |S<15>          |   11.938|
B<8>           |S<16>          |   11.845|
B<8>           |S<17>          |   11.847|
B<8>           |S<18>          |   12.870|
B<8>           |S<19>          |   13.437|
B<8>           |S<20>          |   13.857|
B<8>           |S<21>          |   13.868|
B<8>           |S<22>          |   13.001|
B<8>           |S<23>          |   14.589|
B<8>           |S<24>          |   13.575|
B<8>           |S<25>          |   14.202|
B<8>           |S<26>          |   14.579|
B<8>           |S<27>          |   14.875|
B<8>           |S<28>          |   14.711|
B<8>           |S<29>          |   16.082|
B<8>           |S<30>          |   16.790|
B<8>           |S<31>          |   17.371|
B<8>           |S<32>          |   14.236|
B<9>           |S<9>           |    7.729|
B<9>           |S<10>          |   10.336|
B<9>           |S<11>          |   10.175|
B<9>           |S<12>          |   11.909|
B<9>           |S<13>          |   11.216|
B<9>           |S<14>          |   11.127|
B<9>           |S<15>          |   10.915|
B<9>           |S<16>          |   10.782|
B<9>           |S<17>          |   10.784|
B<9>           |S<18>          |   11.847|
B<9>           |S<19>          |   12.414|
B<9>           |S<20>          |   12.834|
B<9>           |S<21>          |   12.845|
B<9>           |S<22>          |   11.978|
B<9>           |S<23>          |   13.566|
B<9>           |S<24>          |   12.512|
B<9>           |S<25>          |   13.139|
B<9>           |S<26>          |   13.556|
B<9>           |S<27>          |   13.852|
B<9>           |S<28>          |   13.688|
B<9>           |S<29>          |   15.059|
B<9>           |S<30>          |   15.767|
B<9>           |S<31>          |   16.348|
B<9>           |S<32>          |   13.173|
B<10>          |S<10>          |    8.282|
B<10>          |S<11>          |    8.773|
B<10>          |S<12>          |   12.071|
B<10>          |S<13>          |   11.378|
B<10>          |S<14>          |   12.355|
B<10>          |S<15>          |   12.143|
B<10>          |S<16>          |   11.526|
B<10>          |S<17>          |   11.528|
B<10>          |S<18>          |   13.200|
B<10>          |S<19>          |   13.767|
B<10>          |S<20>          |   12.996|
B<10>          |S<21>          |   13.007|
B<10>          |S<22>          |   13.206|
B<10>          |S<23>          |   14.794|
B<10>          |S<24>          |   13.256|
B<10>          |S<25>          |   13.883|
B<10>          |S<26>          |   14.909|
B<10>          |S<27>          |   15.205|
B<10>          |S<28>          |   13.850|
B<10>          |S<29>          |   15.221|
B<10>          |S<30>          |   16.995|
B<10>          |S<31>          |   17.576|
B<10>          |S<32>          |   13.917|
B<11>          |S<11>          |    8.778|
B<11>          |S<12>          |   12.055|
B<11>          |S<13>          |   11.362|
B<11>          |S<14>          |   12.339|
B<11>          |S<15>          |   12.127|
B<11>          |S<16>          |   11.510|
B<11>          |S<17>          |   11.512|
B<11>          |S<18>          |   13.184|
B<11>          |S<19>          |   13.751|
B<11>          |S<20>          |   12.980|
B<11>          |S<21>          |   12.991|
B<11>          |S<22>          |   13.190|
B<11>          |S<23>          |   14.778|
B<11>          |S<24>          |   13.240|
B<11>          |S<25>          |   13.867|
B<11>          |S<26>          |   14.893|
B<11>          |S<27>          |   15.189|
B<11>          |S<28>          |   13.834|
B<11>          |S<29>          |   15.205|
B<11>          |S<30>          |   16.979|
B<11>          |S<31>          |   17.560|
B<11>          |S<32>          |   13.901|
B<12>          |S<12>          |    8.898|
B<12>          |S<13>          |    8.495|
B<12>          |S<14>          |   11.384|
B<12>          |S<15>          |   11.172|
B<12>          |S<16>          |   12.543|
B<12>          |S<17>          |   12.545|
B<12>          |S<18>          |   12.229|
B<12>          |S<19>          |   12.796|
B<12>          |S<20>          |   13.033|
B<12>          |S<21>          |   13.044|
B<12>          |S<22>          |   12.235|
B<12>          |S<23>          |   13.823|
B<12>          |S<24>          |   14.273|
B<12>          |S<25>          |   14.900|
B<12>          |S<26>          |   13.938|
B<12>          |S<27>          |   14.234|
B<12>          |S<28>          |   13.887|
B<12>          |S<29>          |   15.258|
B<12>          |S<30>          |   16.024|
B<12>          |S<31>          |   16.605|
B<12>          |S<32>          |   14.934|
B<13>          |S<13>          |    7.959|
B<13>          |S<14>          |   11.754|
B<13>          |S<15>          |   11.542|
B<13>          |S<16>          |   11.566|
B<13>          |S<17>          |   11.568|
B<13>          |S<18>          |   12.599|
B<13>          |S<19>          |   13.166|
B<13>          |S<20>          |   12.056|
B<13>          |S<21>          |   12.067|
B<13>          |S<22>          |   12.605|
B<13>          |S<23>          |   14.193|
B<13>          |S<24>          |   13.296|
B<13>          |S<25>          |   13.923|
B<13>          |S<26>          |   14.308|
B<13>          |S<27>          |   14.604|
B<13>          |S<28>          |   12.910|
B<13>          |S<29>          |   14.281|
B<13>          |S<30>          |   16.394|
B<13>          |S<31>          |   16.975|
B<13>          |S<32>          |   13.957|
B<14>          |S<14>          |    8.594|
B<14>          |S<15>          |    8.084|
B<14>          |S<16>          |   11.978|
B<14>          |S<17>          |   11.980|
B<14>          |S<18>          |   11.307|
B<14>          |S<19>          |   11.874|
B<14>          |S<20>          |   12.468|
B<14>          |S<21>          |   12.479|
B<14>          |S<22>          |   11.570|
B<14>          |S<23>          |   13.158|
B<14>          |S<24>          |   13.708|
B<14>          |S<25>          |   14.335|
B<14>          |S<26>          |   13.016|
B<14>          |S<27>          |   13.312|
B<14>          |S<28>          |   13.322|
B<14>          |S<29>          |   14.693|
B<14>          |S<30>          |   15.359|
B<14>          |S<31>          |   15.940|
B<14>          |S<32>          |   14.369|
B<15>          |S<15>          |    8.555|
B<15>          |S<16>          |   12.248|
B<15>          |S<17>          |   12.250|
B<15>          |S<18>          |   11.466|
B<15>          |S<19>          |   12.033|
B<15>          |S<20>          |   12.656|
B<15>          |S<21>          |   12.667|
B<15>          |S<22>          |   11.280|
B<15>          |S<23>          |   12.868|
B<15>          |S<24>          |   13.978|
B<15>          |S<25>          |   14.605|
B<15>          |S<26>          |   13.175|
B<15>          |S<27>          |   13.471|
B<15>          |S<28>          |   13.510|
B<15>          |S<29>          |   14.881|
B<15>          |S<30>          |   15.069|
B<15>          |S<31>          |   15.650|
B<15>          |S<32>          |   14.639|
B<16>          |S<16>          |    8.295|
B<16>          |S<17>          |    9.129|
B<16>          |S<18>          |   12.687|
B<16>          |S<19>          |   13.254|
B<16>          |S<20>          |   11.857|
B<16>          |S<21>          |   11.868|
B<16>          |S<22>          |   11.899|
B<16>          |S<23>          |   13.487|
B<16>          |S<24>          |   11.940|
B<16>          |S<25>          |   12.567|
B<16>          |S<26>          |   14.396|
B<16>          |S<27>          |   14.692|
B<16>          |S<28>          |   12.711|
B<16>          |S<29>          |   14.082|
B<16>          |S<30>          |   15.688|
B<16>          |S<31>          |   16.269|
B<16>          |S<32>          |   12.601|
B<17>          |S<17>          |    8.848|
B<17>          |S<18>          |   12.149|
B<17>          |S<19>          |   12.716|
B<17>          |S<20>          |   11.319|
B<17>          |S<21>          |   11.330|
B<17>          |S<22>          |   11.361|
B<17>          |S<23>          |   12.949|
B<17>          |S<24>          |   11.349|
B<17>          |S<25>          |   11.976|
B<17>          |S<26>          |   13.858|
B<17>          |S<27>          |   14.154|
B<17>          |S<28>          |   12.173|
B<17>          |S<29>          |   13.544|
B<17>          |S<30>          |   15.150|
B<17>          |S<31>          |   15.731|
B<17>          |S<32>          |   12.010|
B<18>          |S<18>          |    8.167|
B<18>          |S<19>          |    8.554|
B<18>          |S<20>          |   10.728|
B<18>          |S<21>          |   10.739|
B<18>          |S<22>          |   10.834|
B<18>          |S<23>          |   12.131|
B<18>          |S<24>          |   10.994|
B<18>          |S<25>          |   11.621|
B<18>          |S<26>          |   12.563|
B<18>          |S<27>          |   12.859|
B<18>          |S<28>          |   11.582|
B<18>          |S<29>          |   12.953|
B<18>          |S<30>          |   14.332|
B<18>          |S<31>          |   14.913|
B<18>          |S<32>          |   11.655|
B<19>          |S<19>          |    8.624|
B<19>          |S<20>          |   11.417|
B<19>          |S<21>          |   11.428|
B<19>          |S<22>          |   11.232|
B<19>          |S<23>          |   12.820|
B<19>          |S<24>          |   11.683|
B<19>          |S<25>          |   12.310|
B<19>          |S<26>          |   12.869|
B<19>          |S<27>          |   13.165|
B<19>          |S<28>          |   12.271|
B<19>          |S<29>          |   13.642|
B<19>          |S<30>          |   15.021|
B<19>          |S<31>          |   15.602|
B<19>          |S<32>          |   12.344|
B<20>          |S<20>          |    8.293|
B<20>          |S<21>          |    8.212|
B<20>          |S<22>          |   10.648|
B<20>          |S<23>          |   12.236|
B<20>          |S<24>          |   11.547|
B<20>          |S<25>          |   12.174|
B<20>          |S<26>          |   11.766|
B<20>          |S<27>          |   12.062|
B<20>          |S<28>          |   11.077|
B<20>          |S<29>          |   12.448|
B<20>          |S<30>          |   14.437|
B<20>          |S<31>          |   15.018|
B<20>          |S<32>          |   12.208|
B<21>          |S<21>          |    9.151|
B<21>          |S<22>          |   11.534|
B<21>          |S<23>          |   13.122|
B<21>          |S<24>          |   12.422|
B<21>          |S<25>          |   13.049|
B<21>          |S<26>          |   12.878|
B<21>          |S<27>          |   13.174|
B<21>          |S<28>          |   11.952|
B<21>          |S<29>          |   13.323|
B<21>          |S<30>          |   15.323|
B<21>          |S<31>          |   15.904|
B<21>          |S<32>          |   13.083|
B<22>          |S<22>          |    8.180|
B<22>          |S<23>          |    8.264|
B<22>          |S<24>          |   11.952|
B<22>          |S<25>          |   12.579|
B<22>          |S<26>          |   10.689|
B<22>          |S<27>          |   10.985|
B<22>          |S<28>          |   10.950|
B<22>          |S<29>          |   12.321|
B<22>          |S<30>          |   11.505|
B<22>          |S<31>          |   12.086|
B<22>          |S<32>          |   12.613|
B<23>          |S<23>          |    8.681|
B<23>          |S<24>          |   12.005|
B<23>          |S<25>          |   12.632|
B<23>          |S<26>          |   11.050|
B<23>          |S<27>          |   11.346|
B<23>          |S<28>          |   11.062|
B<23>          |S<29>          |   12.433|
B<23>          |S<30>          |   11.889|
B<23>          |S<31>          |   12.470|
B<23>          |S<32>          |   12.666|
B<24>          |S<24>          |    8.466|
B<24>          |S<25>          |    9.147|
B<24>          |S<26>          |    9.890|
B<24>          |S<27>          |   10.186|
B<24>          |S<28>          |   10.341|
B<24>          |S<29>          |   11.712|
B<24>          |S<30>          |   12.213|
B<24>          |S<31>          |   12.794|
B<24>          |S<32>          |   11.455|
B<25>          |S<25>          |    9.004|
B<25>          |S<26>          |   10.124|
B<25>          |S<27>          |   10.420|
B<25>          |S<28>          |   10.460|
B<25>          |S<29>          |   11.829|
B<25>          |S<30>          |   12.330|
B<25>          |S<31>          |   12.911|
B<25>          |S<32>          |   11.689|
B<26>          |S<26>          |    7.767|
B<26>          |S<27>          |    8.368|
B<26>          |S<28>          |   10.132|
B<26>          |S<29>          |   11.503|
B<26>          |S<30>          |   10.371|
B<26>          |S<31>          |   10.952|
B<26>          |S<32>          |   11.280|
B<27>          |S<27>          |    8.331|
B<27>          |S<28>          |   10.348|
B<27>          |S<29>          |   11.719|
B<27>          |S<30>          |   10.199|
B<27>          |S<31>          |   10.780|
B<27>          |S<32>          |   11.496|
B<28>          |S<28>          |    7.802|
B<28>          |S<29>          |    7.949|
B<28>          |S<30>          |    8.791|
B<28>          |S<31>          |   10.390|
B<28>          |S<32>          |   10.429|
B<29>          |S<29>          |    8.801|
B<29>          |S<30>          |    9.128|
B<29>          |S<31>          |   10.727|
B<29>          |S<32>          |   10.766|
B<30>          |S<30>          |    8.693|
B<30>          |S<31>          |    8.174|
B<30>          |S<32>          |    9.636|
B<31>          |S<31>          |    9.835|
B<31>          |S<32>          |    9.979|
---------------+---------------+---------+


Analysis completed Sun Jan 28 08:44:48 2024 
--------------------------------------------------------------------------------

Trace Settings:
-------------------------
Trace Settings 

Peak Memory Usage: 4486 MB



