Release 14.7 - xst P.20131013 (nt64)
Copyright (c) 1995-2013 Xilinx, Inc.  All rights reserved.
--> Parameter TMPDIR set to xst/projnav.tmp


Total REAL time to Xst completion: 0.00 secs
Total CPU time to Xst completion: 0.10 secs
 
--> Parameter xsthdpdir set to xst


Total REAL time to Xst completion: 0.00 secs
Total CPU time to Xst completion: 0.10 secs
 
--> Reading design: KoggeStone8b.prj

TABLE OF CONTENTS
  1) Synthesis Options Summary
  2) HDL Compilation
  3) Design Hierarchy Analysis
  4) HDL Analysis
  5) HDL Synthesis
     5.1) HDL Synthesis Report
  6) Advanced HDL Synthesis
     6.1) Advanced HDL Synthesis Report
  7) Low Level Synthesis
  8) Partition Report
  9) Final Report
	9.1) Device utilization summary
	9.2) Partition Resource Summary
	9.3) TIMING REPORT


=========================================================================
*                      Synthesis Options Summary                        *
=========================================================================
---- Source Parameters
Input File Name                    : "KoggeStone8b.prj"
Input Format                       : mixed
Ignore Synthesis Constraint File   : NO

---- Target Parameters
Output File Name                   : "KoggeStone8b"
Output Format                      : NGC
Target Device                      : xc3s50-5-pq208

---- Source Options
Top Module Name                    : KoggeStone8b
Automatic FSM Extraction           : YES
FSM Encoding Algorithm             : Auto
Safe Implementation                : No
FSM Style                          : LUT
RAM Extraction                     : Yes
RAM Style                          : Auto
ROM Extraction                     : Yes
Mux Style                          : Auto
Decoder Extraction                 : YES
Priority Encoder Extraction        : Yes
Shift Register Extraction          : YES
Logical Shifter Extraction         : YES
XOR Collapsing                     : YES
ROM Style                          : Auto
Mux Extraction                     : Yes
Resource Sharing                   : YES
Asynchronous To Synchronous        : NO
Multiplier Style                   : Auto
Automatic Register Balancing       : No

---- Target Options
Add IO Buffers                     : YES
Global Maximum Fanout              : 500
Add Generic Clock Buffer(BUFG)     : 8
Register Duplication               : YES
Slice Packing                      : YES
Optimize Instantiated Primitives   : NO
Use Clock Enable                   : Yes
Use Synchronous Set                : Yes
Use Synchronous Reset              : Yes
Pack IO Registers into IOBs        : Auto
Equivalent register Removal        : YES

---- General Options
Optimization Goal                  : Speed
Optimization Effort                : 1
Keep Hierarchy                     : No
Netlist Hierarchy                  : As_Optimized
RTL Output                         : Yes
Global Optimization                : AllClockNets
Read Cores                         : YES
Write Timing Constraints           : NO
Cross Clock Analysis               : NO
Hierarchy Separator                : /
Bus Delimiter                      : <>
Case Specifier                     : Maintain
Slice Utilization Ratio            : 100
BRAM Utilization Ratio             : 100
Verilog 2001                       : YES
Auto BRAM Packing                  : NO
Slice Utilization Ratio Delta      : 5

=========================================================================


=========================================================================
*                          HDL Compilation                              *
=========================================================================
Compiling verilog file "../GrayCell.v" in library work
Compiling verilog file "../GPCell.v" in library work
Module <GrayCell> compiled
Compiling verilog file "../BlackCell.v" in library work
Module <GPCell> compiled
Compiling verilog file "../KoggeStone8b.v" in library work
Module <BlackCell> compiled
Module <KoggeStone8b> compiled
No errors in compilation
Analysis of file <"KoggeStone8b.prj"> succeeded.
 

=========================================================================
*                     Design Hierarchy Analysis                         *
=========================================================================
Analyzing hierarchy for module <KoggeStone8b> in library <work>.

Analyzing hierarchy for module <BlackCell> in library <work>.

Analyzing hierarchy for module <GPCell> in library <work>.

Analyzing hierarchy for module <GrayCell> in library <work>.


=========================================================================
*                            HDL Analysis                               *
=========================================================================
Analyzing top module <KoggeStone8b>.
Module <KoggeStone8b> is correct for synthesis.
 
Analyzing module <BlackCell> in library <work>.
Module <BlackCell> is correct for synthesis.
 
Analyzing module <GPCell> in library <work>.
Module <GPCell> is correct for synthesis.
 
Analyzing module <GrayCell> in library <work>.
Module <GrayCell> is correct for synthesis.
 

=========================================================================
*                           HDL Synthesis                               *
=========================================================================

Performing bidirectional port resolution...

Synthesizing Unit <BlackCell>.
    Related source file is "../BlackCell.v".
Unit <BlackCell> synthesized.


Synthesizing Unit <GPCell>.
    Related source file is "../GPCell.v".
    Found 1-bit xor2 for signal <P>.
Unit <GPCell> synthesized.


Synthesizing Unit <GrayCell>.
    Related source file is "../GrayCell.v".
Unit <GrayCell> synthesized.


Synthesizing Unit <KoggeStone8b>.
    Related source file is "../KoggeStone8b.v".
WARNING:Xst:653 - Signal <g_2_0_1> is used but never assigned. This sourceless signal will be automatically connected to value 0.
WARNING:Xst:653 - Signal <g_2_0_0> is used but never assigned. This sourceless signal will be automatically connected to value 0.
WARNING:Xst:653 - Signal <g_1_0_0> is used but never assigned. This sourceless signal will be automatically connected to value 0.
    Found 7-bit xor2 for signal <S<7:1>>.
Unit <KoggeStone8b> synthesized.


=========================================================================
HDL Synthesis Report

Macro Statistics
# Xors                                                 : 15
 1-bit xor2                                            : 15

=========================================================================

=========================================================================
*                       Advanced HDL Synthesis                          *
=========================================================================


=========================================================================
Advanced HDL Synthesis Report

Macro Statistics
# Xors                                                 : 15
 1-bit xor2                                            : 15

=========================================================================

=========================================================================
*                         Low Level Synthesis                           *
=========================================================================

Optimizing unit <KoggeStone8b> ...

Mapping all equations...
Building and optimizing final netlist ...
Found area constraint ratio of 100 (+ 5) on block KoggeStone8b, actual ratio is 2.

Final Macro Processing ...

=========================================================================
Final Register Report

Found no macro
=========================================================================

=========================================================================
*                           Partition Report                            *
=========================================================================

Partition Implementation Status
-------------------------------

  No Partitions were found in this design.

-------------------------------

=========================================================================
*                            Final Report                               *
=========================================================================
Final Results
RTL Top Level Output File Name     : KoggeStone8b.ngr
Top Level Output File Name         : KoggeStone8b
Output Format                      : NGC
Optimization Goal                  : Speed
Keep Hierarchy                     : No

Design Statistics
# IOs                              : 25

Cell Usage :
# BELS                             : 30
#      GND                         : 1
#      LUT2                        : 5
#      LUT3                        : 3
#      LUT4                        : 19
#      MUXF5                       : 2
# IO Buffers                       : 25
#      IBUF                        : 16
#      OBUF                        : 9
=========================================================================

Device utilization summary:
---------------------------

Selected Device : 3s50pq208-5 

 Number of Slices:                       16  out of    768     2%  
 Number of 4 input LUTs:                 27  out of   1536     1%  
 Number of IOs:                          25
 Number of bonded IOBs:                  25  out of    124    20%  

---------------------------
Partition Resource Summary:
---------------------------

  No Partitions were found in this design.

---------------------------


=========================================================================
TIMING REPORT

NOTE: THESE TIMING NUMBERS ARE ONLY A SYNTHESIS ESTIMATE.
      FOR ACCURATE TIMING INFORMATION PLEASE REFER TO THE TRACE REPORT
      GENERATED AFTER PLACE-and-ROUTE.

Clock Information:
------------------
No clock signals found in this design

Asynchronous Control Signals Information:
----------------------------------------
No asynchronous control signals found in this design

Timing Summary:
---------------
Speed Grade: -5

   Minimum period: No path found
   Minimum input arrival time before clock: No path found
   Maximum output required time after clock: No path found
   Maximum combinational path delay: 14.384ns

Timing Detail:
--------------
All values displayed in nanoseconds (ns)

=========================================================================
Timing constraint: Default path analysis
  Total number of paths / destination ports: 110 / 9
-------------------------------------------------------------------------
Delay:               14.384ns (Levels of Logic = 8)
  Source:            B<2> (PAD)
  Destination:       S<8> (PAD)

  Data Path: B<2> to S<8>
                                Gate     Net
    Cell:in->out      fanout   Delay   Delay  Logical Name (Net Name)
    ----------------------------------------  ------------
     IBUF:I->O             3   0.715   1.066  B_2_IBUF (B_2_IBUF)
     LUT2:I0->O            2   0.479   1.040  UGP2/Mxor_P_Result1 (p_0_2_2)
     LUT4:I0->O            1   0.479   0.740  U15/GIJ_SW0 (N16)
     LUT4:I2->O            2   0.479   0.804  U15/GIJ (g_2_0_3)
     LUT3:I2->O            1   0.479   0.704  U23/GIJ50_SW0 (N18)
     LUT4:I3->O            1   0.479   0.851  U23/GIJ50 (U23/GIJ50)
     LUT2:I1->O            1   0.479   0.681  U23/GIJ60 (S_8_OBUF)
     OBUF:I->O                 4.909          S_8_OBUF (S<8>)
    ----------------------------------------
    Total                     14.384ns (8.498ns logic, 5.886ns route)
                                       (59.1% logic, 40.9% route)

=========================================================================


Total REAL time to Xst completion: 4.00 secs
Total CPU time to Xst completion: 4.51 secs
 
--> 

Total memory usage is 4513668 kilobytes

Number of errors   :    0 (   0 filtered)
Number of warnings :    3 (   0 filtered)
Number of infos    :    0 (   0 filtered)

