--------------------------------------------------------------------------------
Release 14.7 Trace  (nt64)
Copyright (c) 1995-2013 Xilinx, Inc.  All rights reserved.

E:\Xilinx\14.7\ISE_DS\ISE\bin\nt64\unwrapped\trce.exe -intstyle ise -v 3 -s 5
-n 3 -fastpaths -xml KoggeStone32b.twx KoggeStone32b.ncd -o KoggeStone32b.twr
KoggeStone32b.pcf

Design file:              KoggeStone32b.ncd
Physical constraint file: KoggeStone32b.pcf
Device,package,speed:     xc3s50,pq208,-5 (PRODUCTION 1.39 2013-10-13)
Report level:             verbose report

Environment Variable      Effect 
--------------------      ------ 
NONE                      No environment variables were set
--------------------------------------------------------------------------------

INFO:Timing:2698 - No timing constraints found, doing default enumeration.
INFO:Timing:3412 - To improve timing, see the Timing Closure User Guide (UG612).
INFO:Timing:2752 - To get complete path coverage, use the unconstrained paths 
   option. All paths that are not constrained will be reported in the 
   unconstrained paths section(s) of the report.
INFO:Timing:3339 - The clock-to-out numbers in this timing report are based on 
   a 50 Ohm transmission line loading model.  For the details of this model, 
   and for more information on accounting for different loading conditions, 
   please see the device datasheet.
INFO:Timing:3390 - This architecture does not support a default System Jitter 
   value, please add SYSTEM_JITTER constraint to the UCF to modify the Clock 
   Uncertainty calculation.
INFO:Timing:3389 - This architecture does not support 'Discrete Jitter' and 
   'Phase Error' calculations, these terms will be zero in the Clock 
   Uncertainty calculation.  Please make appropriate modification to 
   SYSTEM_JITTER to account for the unsupported Discrete Jitter and Phase 
   Error.



Data Sheet report:
-----------------
All values displayed in nanoseconds (ns)

Pad to Pad
---------------+---------------+---------+
Source Pad     |Destination Pad|  Delay  |
---------------+---------------+---------+
A<0>           |S<0>           |    8.442|
A<0>           |S<1>           |    9.815|
A<0>           |S<2>           |    9.502|
A<0>           |S<3>           |    9.572|
A<0>           |S<4>           |   12.347|
A<0>           |S<5>           |   10.338|
A<0>           |S<6>           |   11.926|
A<0>           |S<7>           |   12.039|
A<0>           |S<8>           |   12.717|
A<0>           |S<9>           |    9.421|
A<0>           |S<10>          |    9.622|
A<0>           |S<11>          |    8.584|
A<0>           |S<12>          |   12.546|
A<0>           |S<13>          |   13.210|
A<0>           |S<14>          |   13.084|
A<0>           |S<15>          |   12.049|
A<0>           |S<16>          |   14.661|
A<0>           |S<17>          |   10.716|
A<0>           |S<18>          |   10.721|
A<0>           |S<19>          |   10.720|
A<0>           |S<20>          |   13.529|
A<0>           |S<21>          |   12.691|
A<0>           |S<22>          |   13.895|
A<0>           |S<23>          |   13.237|
A<0>           |S<24>          |   16.303|
A<0>           |S<25>          |   10.105|
A<0>           |S<26>          |   10.536|
A<0>           |S<27>          |   10.538|
A<0>           |S<28>          |   13.368|
A<0>           |S<29>          |   12.017|
A<0>           |S<30>          |   13.348|
A<0>           |S<31>          |   13.696|
A<0>           |S<32>          |   17.707|
A<1>           |S<1>           |    8.647|
A<1>           |S<2>           |    9.839|
A<1>           |S<3>           |   11.088|
A<1>           |S<4>           |   12.684|
A<1>           |S<5>           |   11.495|
A<1>           |S<6>           |   12.263|
A<1>           |S<7>           |   13.555|
A<1>           |S<8>           |   13.054|
A<1>           |S<9>           |   11.693|
A<1>           |S<10>          |    9.959|
A<1>           |S<11>          |   10.100|
A<1>           |S<12>          |   12.883|
A<1>           |S<13>          |   14.367|
A<1>           |S<14>          |   13.421|
A<1>           |S<15>          |   13.565|
A<1>           |S<16>          |   14.998|
A<1>           |S<17>          |   11.986|
A<1>           |S<18>          |   11.058|
A<1>           |S<19>          |   12.236|
A<1>           |S<20>          |   13.866|
A<1>           |S<21>          |   13.848|
A<1>           |S<22>          |   14.232|
A<1>           |S<23>          |   14.753|
A<1>           |S<24>          |   16.640|
A<1>           |S<25>          |   11.982|
A<1>           |S<26>          |   10.873|
A<1>           |S<27>          |   12.054|
A<1>           |S<28>          |   13.705|
A<1>           |S<29>          |   13.174|
A<1>           |S<30>          |   13.685|
A<1>           |S<31>          |   15.212|
A<1>           |S<32>          |   18.044|
A<2>           |S<2>           |    7.663|
A<2>           |S<3>           |   11.386|
A<2>           |S<4>           |   10.929|
A<2>           |S<5>           |   11.793|
A<2>           |S<6>           |   12.266|
A<2>           |S<7>           |   13.853|
A<2>           |S<8>           |   11.299|
A<2>           |S<9>           |   11.991|
A<2>           |S<10>          |   12.194|
A<2>           |S<11>          |   10.398|
A<2>           |S<12>          |   11.128|
A<2>           |S<13>          |   14.665|
A<2>           |S<14>          |   13.424|
A<2>           |S<15>          |   13.863|
A<2>           |S<16>          |   13.243|
A<2>           |S<17>          |   12.284|
A<2>           |S<18>          |   13.070|
A<2>           |S<19>          |   12.534|
A<2>           |S<20>          |   12.111|
A<2>           |S<21>          |   14.146|
A<2>           |S<22>          |   14.235|
A<2>           |S<23>          |   15.051|
A<2>           |S<24>          |   14.885|
A<2>           |S<25>          |   12.280|
A<2>           |S<26>          |   12.565|
A<2>           |S<27>          |   12.352|
A<2>           |S<28>          |   11.950|
A<2>           |S<29>          |   13.472|
A<2>           |S<30>          |   13.688|
A<2>           |S<31>          |   15.510|
A<2>           |S<32>          |   16.289|
A<3>           |S<3>           |    7.600|
A<3>           |S<4>           |   10.373|
A<3>           |S<5>           |   10.473|
A<3>           |S<6>           |   11.518|
A<3>           |S<7>           |   12.310|
A<3>           |S<8>           |   10.743|
A<3>           |S<9>           |   11.293|
A<3>           |S<10>          |   11.446|
A<3>           |S<11>          |   10.517|
A<3>           |S<12>          |   10.572|
A<3>           |S<13>          |   13.345|
A<3>           |S<14>          |   12.676|
A<3>           |S<15>          |   12.320|
A<3>           |S<16>          |   12.687|
A<3>           |S<17>          |   11.832|
A<3>           |S<18>          |   12.322|
A<3>           |S<19>          |   12.491|
A<3>           |S<20>          |   11.555|
A<3>           |S<21>          |   12.826|
A<3>           |S<22>          |   13.487|
A<3>           |S<23>          |   13.508|
A<3>           |S<24>          |   14.329|
A<3>           |S<25>          |   11.226|
A<3>           |S<26>          |   11.817|
A<3>           |S<27>          |   12.409|
A<3>           |S<28>          |   11.394|
A<3>           |S<29>          |   12.152|
A<3>           |S<30>          |   12.940|
A<3>           |S<31>          |   13.967|
A<3>           |S<32>          |   15.733|
A<4>           |S<4>           |    9.200|
A<4>           |S<5>           |   10.869|
A<4>           |S<6>           |   12.066|
A<4>           |S<7>           |   12.652|
A<4>           |S<8>           |   11.481|
A<4>           |S<9>           |   12.057|
A<4>           |S<10>          |   12.390|
A<4>           |S<11>          |   11.220|
A<4>           |S<12>          |   14.429|
A<4>           |S<13>          |   13.741|
A<4>           |S<14>          |   13.224|
A<4>           |S<15>          |   12.662|
A<4>           |S<16>          |   13.425|
A<4>           |S<17>          |   12.596|
A<4>           |S<18>          |   13.181|
A<4>           |S<19>          |   12.704|
A<4>           |S<20>          |   14.741|
A<4>           |S<21>          |   13.222|
A<4>           |S<22>          |   14.035|
A<4>           |S<23>          |   13.850|
A<4>           |S<24>          |   15.067|
A<4>           |S<25>          |   11.990|
A<4>           |S<26>          |   12.603|
A<4>           |S<27>          |   12.877|
A<4>           |S<28>          |   14.610|
A<4>           |S<29>          |   12.548|
A<4>           |S<30>          |   13.488|
A<4>           |S<31>          |   14.309|
A<4>           |S<32>          |   16.471|
A<5>           |S<5>           |    7.806|
A<5>           |S<6>           |   10.640|
A<5>           |S<7>           |   12.328|
A<5>           |S<8>           |    9.759|
A<5>           |S<9>           |   11.188|
A<5>           |S<10>          |   10.987|
A<5>           |S<11>          |   10.702|
A<5>           |S<12>          |   12.707|
A<5>           |S<13>          |   11.479|
A<5>           |S<14>          |   11.798|
A<5>           |S<15>          |   12.338|
A<5>           |S<16>          |   11.703|
A<5>           |S<17>          |   11.679|
A<5>           |S<18>          |   11.778|
A<5>           |S<19>          |   12.676|
A<5>           |S<20>          |   13.019|
A<5>           |S<21>          |   11.391|
A<5>           |S<22>          |   12.609|
A<5>           |S<23>          |   13.526|
A<5>           |S<24>          |   13.345|
A<5>           |S<25>          |   11.477|
A<5>           |S<26>          |   11.200|
A<5>           |S<27>          |   12.594|
A<5>           |S<28>          |   12.888|
A<5>           |S<29>          |   11.236|
A<5>           |S<30>          |   12.062|
A<5>           |S<31>          |   13.985|
A<5>           |S<32>          |   14.749|
A<6>           |S<6>           |    8.598|
A<6>           |S<7>           |   11.854|
A<6>           |S<8>           |   10.721|
A<6>           |S<9>           |   10.734|
A<6>           |S<10>          |   11.321|
A<6>           |S<11>          |   10.228|
A<6>           |S<12>          |   13.669|
A<6>           |S<13>          |   11.025|
A<6>           |S<14>          |   11.415|
A<6>           |S<15>          |   11.864|
A<6>           |S<16>          |   12.665|
A<6>           |S<17>          |   11.225|
A<6>           |S<18>          |   12.197|
A<6>           |S<19>          |   12.202|
A<6>           |S<20>          |   13.981|
A<6>           |S<21>          |   10.917|
A<6>           |S<22>          |   11.519|
A<6>           |S<23>          |   13.052|
A<6>           |S<24>          |   14.307|
A<6>           |S<25>          |   11.023|
A<6>           |S<26>          |   11.692|
A<6>           |S<27>          |   12.120|
A<6>           |S<28>          |   13.850|
A<6>           |S<29>          |   10.762|
A<6>           |S<30>          |   10.945|
A<6>           |S<31>          |   13.511|
A<6>           |S<32>          |   15.711|
A<7>           |S<7>           |    8.545|
A<7>           |S<8>           |   11.456|
A<7>           |S<9>           |   10.683|
A<7>           |S<10>          |   12.292|
A<7>           |S<11>          |   10.750|
A<7>           |S<12>          |   14.404|
A<7>           |S<13>          |   12.211|
A<7>           |S<14>          |   12.386|
A<7>           |S<15>          |   11.500|
A<7>           |S<16>          |   13.400|
A<7>           |S<17>          |   10.976|
A<7>           |S<18>          |   13.168|
A<7>           |S<19>          |   12.724|
A<7>           |S<20>          |   14.716|
A<7>           |S<21>          |   11.692|
A<7>           |S<22>          |   12.490|
A<7>           |S<23>          |   12.539|
A<7>           |S<24>          |   15.042|
A<7>           |S<25>          |   10.972|
A<7>           |S<26>          |   12.663|
A<7>           |S<27>          |   12.642|
A<7>           |S<28>          |   14.585|
A<7>           |S<29>          |   11.089|
A<7>           |S<30>          |   11.916|
A<7>           |S<31>          |   13.124|
A<7>           |S<32>          |   16.446|
A<8>           |S<8>           |    9.056|
A<8>           |S<9>           |   11.678|
A<8>           |S<10>          |   12.520|
A<8>           |S<11>          |   12.138|
A<8>           |S<12>          |   12.576|
A<8>           |S<13>          |   13.599|
A<8>           |S<14>          |   11.743|
A<8>           |S<15>          |   12.170|
A<8>           |S<16>          |   12.641|
A<8>           |S<17>          |   12.075|
A<8>           |S<18>          |   13.396|
A<8>           |S<19>          |   14.112|
A<8>           |S<20>          |   13.130|
A<8>           |S<21>          |   13.080|
A<8>           |S<22>          |   12.554|
A<8>           |S<23>          |   13.209|
A<8>           |S<24>          |   14.283|
A<8>           |S<25>          |   11.967|
A<8>           |S<26>          |   12.891|
A<8>           |S<27>          |   14.030|
A<8>           |S<28>          |   12.757|
A<8>           |S<29>          |   12.446|
A<8>           |S<30>          |   12.007|
A<8>           |S<31>          |   13.794|
A<8>           |S<32>          |   15.687|
A<9>           |S<9>           |   10.366|
A<9>           |S<10>          |   12.188|
A<9>           |S<11>          |   10.573|
A<9>           |S<12>          |   13.057|
A<9>           |S<13>          |   13.140|
A<9>           |S<14>          |   11.755|
A<9>           |S<15>          |   11.684|
A<9>           |S<16>          |   12.309|
A<9>           |S<17>          |   11.852|
A<9>           |S<18>          |   13.064|
A<9>           |S<19>          |   12.547|
A<9>           |S<20>          |   13.369|
A<9>           |S<21>          |   12.880|
A<9>           |S<22>          |   12.222|
A<9>           |S<23>          |   12.734|
A<9>           |S<24>          |   13.951|
A<9>           |S<25>          |   12.947|
A<9>           |S<26>          |   12.559|
A<9>           |S<27>          |   12.465|
A<9>           |S<28>          |   13.238|
A<9>           |S<29>          |   12.725|
A<9>           |S<30>          |   11.675|
A<9>           |S<31>          |   13.308|
A<9>           |S<32>          |   15.355|
A<10>          |S<10>          |    9.379|
A<10>          |S<11>          |   10.079|
A<10>          |S<12>          |   11.870|
A<10>          |S<13>          |   12.430|
A<10>          |S<14>          |   12.281|
A<10>          |S<15>          |   11.313|
A<10>          |S<16>          |   11.823|
A<10>          |S<17>          |   11.017|
A<10>          |S<18>          |   11.928|
A<10>          |S<19>          |   12.053|
A<10>          |S<20>          |   12.299|
A<10>          |S<21>          |   12.555|
A<10>          |S<22>          |   13.017|
A<10>          |S<23>          |   12.352|
A<10>          |S<24>          |   13.700|
A<10>          |S<25>          |   12.622|
A<10>          |S<26>          |   12.952|
A<10>          |S<27>          |   11.971|
A<10>          |S<28>          |   12.051|
A<10>          |S<29>          |   12.400|
A<10>          |S<30>          |   12.470|
A<10>          |S<31>          |   12.937|
A<10>          |S<32>          |   14.882|
A<11>          |S<11>          |    9.260|
A<11>          |S<12>          |   11.841|
A<11>          |S<13>          |   12.997|
A<11>          |S<14>          |   12.429|
A<11>          |S<15>          |   12.718|
A<11>          |S<16>          |   11.478|
A<11>          |S<17>          |   11.709|
A<11>          |S<18>          |   11.824|
A<11>          |S<19>          |   11.942|
A<11>          |S<20>          |   12.510|
A<11>          |S<21>          |   12.495|
A<11>          |S<22>          |   13.240|
A<11>          |S<23>          |   13.757|
A<11>          |S<24>          |   13.199|
A<11>          |S<25>          |   12.163|
A<11>          |S<26>          |   12.568|
A<11>          |S<27>          |   13.249|
A<11>          |S<28>          |   11.993|
A<11>          |S<29>          |   12.340|
A<11>          |S<30>          |   12.693|
A<11>          |S<31>          |   14.342|
A<11>          |S<32>          |   14.524|
A<12>          |S<12>          |   10.570|
A<12>          |S<13>          |   12.384|
A<12>          |S<14>          |   12.157|
A<12>          |S<15>          |   13.386|
A<12>          |S<16>          |   12.538|
A<12>          |S<17>          |   10.971|
A<12>          |S<18>          |   11.552|
A<12>          |S<19>          |   12.477|
A<12>          |S<20>          |   12.834|
A<12>          |S<21>          |   12.509|
A<12>          |S<22>          |   12.968|
A<12>          |S<23>          |   14.425|
A<12>          |S<24>          |   14.384|
A<12>          |S<25>          |   12.576|
A<12>          |S<26>          |   11.690|
A<12>          |S<27>          |   13.917|
A<12>          |S<28>          |   13.939|
A<12>          |S<29>          |   12.354|
A<12>          |S<30>          |   12.421|
A<12>          |S<31>          |   15.010|
A<12>          |S<32>          |   15.584|
A<13>          |S<13>          |    8.951|
A<13>          |S<14>          |   12.098|
A<13>          |S<15>          |   11.885|
A<13>          |S<16>          |   13.878|
A<13>          |S<17>          |   11.707|
A<13>          |S<18>          |   11.719|
A<13>          |S<19>          |   11.517|
A<13>          |S<20>          |   14.205|
A<13>          |S<21>          |   11.442|
A<13>          |S<22>          |   12.909|
A<13>          |S<23>          |   12.924|
A<13>          |S<24>          |   15.755|
A<13>          |S<25>          |   12.704|
A<13>          |S<26>          |   12.743|
A<13>          |S<27>          |   12.573|
A<13>          |S<28>          |   15.172|
A<13>          |S<29>          |   13.152|
A<13>          |S<30>          |   12.362|
A<13>          |S<31>          |   13.509|
A<13>          |S<32>          |   16.937|
A<14>          |S<14>          |    8.559|
A<14>          |S<15>          |   11.382|
A<14>          |S<16>          |   11.811|
A<14>          |S<17>          |   11.186|
A<14>          |S<18>          |   12.129|
A<14>          |S<19>          |   11.014|
A<14>          |S<20>          |   11.524|
A<14>          |S<21>          |   10.730|
A<14>          |S<22>          |   11.419|
A<14>          |S<23>          |   12.421|
A<14>          |S<24>          |   13.453|
A<14>          |S<25>          |   12.183|
A<14>          |S<26>          |   12.525|
A<14>          |S<27>          |   12.070|
A<14>          |S<28>          |   13.212|
A<14>          |S<29>          |   12.052|
A<14>          |S<30>          |   12.094|
A<14>          |S<31>          |   13.006|
A<14>          |S<32>          |   14.857|
A<15>          |S<15>          |    8.691|
A<15>          |S<16>          |   12.475|
A<15>          |S<17>          |   10.886|
A<15>          |S<18>          |   11.465|
A<15>          |S<19>          |   10.902|
A<15>          |S<20>          |   11.932|
A<15>          |S<21>          |   10.666|
A<15>          |S<22>          |   10.755|
A<15>          |S<23>          |   11.724|
A<15>          |S<24>          |   14.117|
A<15>          |S<25>          |   11.883|
A<15>          |S<26>          |   11.861|
A<15>          |S<27>          |   11.945|
A<15>          |S<28>          |   13.876|
A<15>          |S<29>          |   12.376|
A<15>          |S<30>          |   11.780|
A<15>          |S<31>          |   12.388|
A<15>          |S<32>          |   15.521|
A<16>          |S<16>          |    8.049|
A<16>          |S<17>          |   11.105|
A<16>          |S<18>          |   12.050|
A<16>          |S<19>          |   12.140|
A<16>          |S<20>          |   11.731|
A<16>          |S<21>          |   11.214|
A<16>          |S<22>          |   11.455|
A<16>          |S<23>          |   12.368|
A<16>          |S<24>          |   12.478|
A<16>          |S<25>          |   12.365|
A<16>          |S<26>          |   12.446|
A<16>          |S<27>          |   13.126|
A<16>          |S<28>          |   14.025|
A<16>          |S<29>          |   12.924|
A<16>          |S<30>          |   13.241|
A<16>          |S<31>          |   13.626|
A<16>          |S<32>          |   13.706|
A<17>          |S<17>          |    9.284|
A<17>          |S<18>          |   11.302|
A<17>          |S<19>          |   11.274|
A<17>          |S<20>          |   11.050|
A<17>          |S<21>          |   10.317|
A<17>          |S<22>          |   10.685|
A<17>          |S<23>          |   11.907|
A<17>          |S<24>          |   11.797|
A<17>          |S<25>          |   12.222|
A<17>          |S<26>          |   11.698|
A<17>          |S<27>          |   12.260|
A<17>          |S<28>          |   13.344|
A<17>          |S<29>          |   11.826|
A<17>          |S<30>          |   12.471|
A<17>          |S<31>          |   12.760|
A<17>          |S<32>          |   13.036|
A<18>          |S<18>          |   10.041|
A<18>          |S<19>          |   10.977|
A<18>          |S<20>          |   11.604|
A<18>          |S<21>          |   10.321|
A<18>          |S<22>          |   11.416|
A<18>          |S<23>          |   11.877|
A<18>          |S<24>          |   12.314|
A<18>          |S<25>          |   12.226|
A<18>          |S<26>          |   12.181|
A<18>          |S<27>          |   12.098|
A<18>          |S<28>          |   13.861|
A<18>          |S<29>          |   11.725|
A<18>          |S<30>          |   12.418|
A<18>          |S<31>          |   12.463|
A<18>          |S<32>          |   13.661|
A<19>          |S<19>          |    9.096|
A<19>          |S<20>          |   11.985|
A<19>          |S<21>          |   10.273|
A<19>          |S<22>          |   10.996|
A<19>          |S<23>          |   11.238|
A<19>          |S<24>          |   12.732|
A<19>          |S<25>          |   12.178|
A<19>          |S<26>          |   11.761|
A<19>          |S<27>          |   12.455|
A<19>          |S<28>          |   14.279|
A<19>          |S<29>          |   11.817|
A<19>          |S<30>          |   11.998|
A<19>          |S<31>          |   12.879|
A<19>          |S<32>          |   13.960|
A<20>          |S<20>          |   10.388|
A<20>          |S<21>          |   10.120|
A<20>          |S<22>          |   11.179|
A<20>          |S<23>          |   11.342|
A<20>          |S<24>          |   11.399|
A<20>          |S<25>          |   12.025|
A<20>          |S<26>          |   11.944|
A<20>          |S<27>          |   12.681|
A<20>          |S<28>          |   13.306|
A<20>          |S<29>          |   11.921|
A<20>          |S<30>          |   12.216|
A<20>          |S<31>          |   13.105|
A<20>          |S<32>          |   13.572|
A<21>          |S<21>          |    9.388|
A<21>          |S<22>          |   10.826|
A<21>          |S<23>          |   11.232|
A<21>          |S<24>          |   11.513|
A<21>          |S<25>          |   12.209|
A<21>          |S<26>          |   11.591|
A<21>          |S<27>          |   12.211|
A<21>          |S<28>          |   13.420|
A<21>          |S<29>          |   12.235|
A<21>          |S<30>          |   12.051|
A<21>          |S<31>          |   12.672|
A<21>          |S<32>          |   13.686|
A<22>          |S<22>          |    9.699|
A<22>          |S<23>          |   10.670|
A<22>          |S<24>          |   11.209|
A<22>          |S<25>          |   11.594|
A<22>          |S<26>          |   11.299|
A<22>          |S<27>          |   12.229|
A<22>          |S<28>          |   13.106|
A<22>          |S<29>          |   11.620|
A<22>          |S<30>          |   11.588|
A<22>          |S<31>          |   12.653|
A<22>          |S<32>          |   13.372|
A<23>          |S<23>          |   10.104|
A<23>          |S<24>          |   11.113|
A<23>          |S<25>          |   11.740|
A<23>          |S<26>          |   11.193|
A<23>          |S<27>          |   11.034|
A<23>          |S<28>          |   12.949|
A<23>          |S<29>          |   11.766|
A<23>          |S<30>          |   11.482|
A<23>          |S<31>          |   11.769|
A<23>          |S<32>          |   13.215|
A<24>          |S<24>          |   10.326|
A<24>          |S<25>          |   11.853|
A<24>          |S<26>          |   12.328|
A<24>          |S<27>          |   12.968|
A<24>          |S<28>          |   11.891|
A<24>          |S<29>          |   11.879|
A<24>          |S<30>          |   12.617|
A<24>          |S<31>          |   13.703|
A<24>          |S<32>          |   11.565|
A<25>          |S<25>          |    8.308|
A<25>          |S<26>          |   11.270|
A<25>          |S<27>          |   11.907|
A<25>          |S<28>          |   13.244|
A<25>          |S<29>          |    9.530|
A<25>          |S<30>          |   11.739|
A<25>          |S<31>          |   12.642|
A<25>          |S<32>          |   11.923|
A<26>          |S<26>          |    8.140|
A<26>          |S<27>          |   12.281|
A<26>          |S<28>          |   12.534|
A<26>          |S<29>          |    9.630|
A<26>          |S<30>          |   10.467|
A<26>          |S<31>          |   13.016|
A<26>          |S<32>          |   11.213|
A<27>          |S<27>          |    7.751|
A<27>          |S<28>          |   12.665|
A<27>          |S<29>          |    9.255|
A<27>          |S<30>          |   10.598|
A<27>          |S<31>          |   12.884|
A<27>          |S<32>          |   11.344|
A<28>          |S<28>          |    8.529|
A<28>          |S<29>          |    9.253|
A<28>          |S<30>          |   10.469|
A<28>          |S<31>          |   12.882|
A<28>          |S<32>          |    9.682|
A<29>          |S<29>          |    7.929|
A<29>          |S<30>          |   11.086|
A<29>          |S<31>          |   12.134|
A<29>          |S<32>          |   10.299|
A<30>          |S<30>          |    7.889|
A<30>          |S<31>          |   12.341|
A<30>          |S<32>          |   10.234|
A<31>          |S<31>          |    8.344|
A<31>          |S<32>          |    8.728|
B<0>           |S<0>           |    8.614|
B<0>           |S<1>           |    8.877|
B<0>           |S<2>           |    9.755|
B<0>           |S<3>           |   10.246|
B<0>           |S<4>           |   12.600|
B<0>           |S<5>           |   10.567|
B<0>           |S<6>           |   12.179|
B<0>           |S<7>           |   12.713|
B<0>           |S<8>           |   12.970|
B<0>           |S<9>           |    9.650|
B<0>           |S<10>          |    9.875|
B<0>           |S<11>          |    9.258|
B<0>           |S<12>          |   12.799|
B<0>           |S<13>          |   13.439|
B<0>           |S<14>          |   13.337|
B<0>           |S<15>          |   12.723|
B<0>           |S<16>          |   14.914|
B<0>           |S<17>          |   10.945|
B<0>           |S<18>          |   10.974|
B<0>           |S<19>          |   11.394|
B<0>           |S<20>          |   13.782|
B<0>           |S<21>          |   12.920|
B<0>           |S<22>          |   14.148|
B<0>           |S<23>          |   13.911|
B<0>           |S<24>          |   16.556|
B<0>           |S<25>          |   10.334|
B<0>           |S<26>          |   10.789|
B<0>           |S<27>          |   11.212|
B<0>           |S<28>          |   13.621|
B<0>           |S<29>          |   12.246|
B<0>           |S<30>          |   13.601|
B<0>           |S<31>          |   14.370|
B<0>           |S<32>          |   17.960|
B<1>           |S<1>           |    9.000|
B<1>           |S<2>           |    9.883|
B<1>           |S<3>           |   11.163|
B<1>           |S<4>           |   12.728|
B<1>           |S<5>           |   11.539|
B<1>           |S<6>           |   12.307|
B<1>           |S<7>           |   13.630|
B<1>           |S<8>           |   13.098|
B<1>           |S<9>           |   11.737|
B<1>           |S<10>          |   10.003|
B<1>           |S<11>          |   10.175|
B<1>           |S<12>          |   12.927|
B<1>           |S<13>          |   14.411|
B<1>           |S<14>          |   13.465|
B<1>           |S<15>          |   13.640|
B<1>           |S<16>          |   15.042|
B<1>           |S<17>          |   12.098|
B<1>           |S<18>          |   11.102|
B<1>           |S<19>          |   12.311|
B<1>           |S<20>          |   13.910|
B<1>           |S<21>          |   13.892|
B<1>           |S<22>          |   14.276|
B<1>           |S<23>          |   14.828|
B<1>           |S<24>          |   16.684|
B<1>           |S<25>          |   12.026|
B<1>           |S<26>          |   10.917|
B<1>           |S<27>          |   12.129|
B<1>           |S<28>          |   13.749|
B<1>           |S<29>          |   13.218|
B<1>           |S<30>          |   13.729|
B<1>           |S<31>          |   15.287|
B<1>           |S<32>          |   18.088|
B<2>           |S<2>           |    7.805|
B<2>           |S<3>           |   11.528|
B<2>           |S<4>           |   10.917|
B<2>           |S<5>           |   11.935|
B<2>           |S<6>           |   11.952|
B<2>           |S<7>           |   13.995|
B<2>           |S<8>           |   11.287|
B<2>           |S<9>           |   12.133|
B<2>           |S<10>          |   11.880|
B<2>           |S<11>          |   10.540|
B<2>           |S<12>          |   11.116|
B<2>           |S<13>          |   14.807|
B<2>           |S<14>          |   13.110|
B<2>           |S<15>          |   14.005|
B<2>           |S<16>          |   13.231|
B<2>           |S<17>          |   12.426|
B<2>           |S<18>          |   12.756|
B<2>           |S<19>          |   12.676|
B<2>           |S<20>          |   12.099|
B<2>           |S<21>          |   14.288|
B<2>           |S<22>          |   13.921|
B<2>           |S<23>          |   15.193|
B<2>           |S<24>          |   14.873|
B<2>           |S<25>          |   12.422|
B<2>           |S<26>          |   12.251|
B<2>           |S<27>          |   12.494|
B<2>           |S<28>          |   11.938|
B<2>           |S<29>          |   13.614|
B<2>           |S<30>          |   13.374|
B<2>           |S<31>          |   15.652|
B<2>           |S<32>          |   16.277|
B<3>           |S<3>           |    7.950|
B<3>           |S<4>           |   10.804|
B<3>           |S<5>           |   11.022|
B<3>           |S<6>           |   12.141|
B<3>           |S<7>           |   12.134|
B<3>           |S<8>           |   11.174|
B<3>           |S<9>           |   11.539|
B<3>           |S<10>          |   12.069|
B<3>           |S<11>          |   10.702|
B<3>           |S<12>          |   11.003|
B<3>           |S<13>          |   13.894|
B<3>           |S<14>          |   13.299|
B<3>           |S<15>          |   12.144|
B<3>           |S<16>          |   13.118|
B<3>           |S<17>          |   12.078|
B<3>           |S<18>          |   12.945|
B<3>           |S<19>          |   12.186|
B<3>           |S<20>          |   11.986|
B<3>           |S<21>          |   13.375|
B<3>           |S<22>          |   14.110|
B<3>           |S<23>          |   13.332|
B<3>           |S<24>          |   14.760|
B<3>           |S<25>          |   11.509|
B<3>           |S<26>          |   12.440|
B<3>           |S<27>          |   12.359|
B<3>           |S<28>          |   11.825|
B<3>           |S<29>          |   12.701|
B<3>           |S<30>          |   13.563|
B<3>           |S<31>          |   13.791|
B<3>           |S<32>          |   16.164|
B<4>           |S<4>           |    8.402|
B<4>           |S<5>           |   10.511|
B<4>           |S<6>           |   11.632|
B<4>           |S<7>           |   13.187|
B<4>           |S<8>           |   10.578|
B<4>           |S<9>           |   12.170|
B<4>           |S<10>          |   11.560|
B<4>           |S<11>          |   11.394|
B<4>           |S<12>          |   13.526|
B<4>           |S<13>          |   13.383|
B<4>           |S<14>          |   12.790|
B<4>           |S<15>          |   13.197|
B<4>           |S<16>          |   12.522|
B<4>           |S<17>          |   12.709|
B<4>           |S<18>          |   12.436|
B<4>           |S<19>          |   13.368|
B<4>           |S<20>          |   13.838|
B<4>           |S<21>          |   12.864|
B<4>           |S<22>          |   13.601|
B<4>           |S<23>          |   14.385|
B<4>           |S<24>          |   14.164|
B<4>           |S<25>          |   12.103|
B<4>           |S<26>          |   11.931|
B<4>           |S<27>          |   13.286|
B<4>           |S<28>          |   13.707|
B<4>           |S<29>          |   12.190|
B<4>           |S<30>          |   13.054|
B<4>           |S<31>          |   14.844|
B<4>           |S<32>          |   15.568|
B<5>           |S<5>           |    8.310|
B<5>           |S<6>           |   11.527|
B<5>           |S<7>           |   12.749|
B<5>           |S<8>           |   10.367|
B<5>           |S<9>           |   11.562|
B<5>           |S<10>          |   11.595|
B<5>           |S<11>          |   11.123|
B<5>           |S<12>          |   13.315|
B<5>           |S<13>          |   11.853|
B<5>           |S<14>          |   12.685|
B<5>           |S<15>          |   12.759|
B<5>           |S<16>          |   12.311|
B<5>           |S<17>          |   12.053|
B<5>           |S<18>          |   12.386|
B<5>           |S<19>          |   13.097|
B<5>           |S<20>          |   13.627|
B<5>           |S<21>          |   11.812|
B<5>           |S<22>          |   13.496|
B<5>           |S<23>          |   13.947|
B<5>           |S<24>          |   13.953|
B<5>           |S<25>          |   11.851|
B<5>           |S<26>          |   11.826|
B<5>           |S<27>          |   13.015|
B<5>           |S<28>          |   13.496|
B<5>           |S<29>          |   11.657|
B<5>           |S<30>          |   12.949|
B<5>           |S<31>          |   14.406|
B<5>           |S<32>          |   15.357|
B<6>           |S<6>           |    8.784|
B<6>           |S<7>           |   12.952|
B<6>           |S<8>           |   11.963|
B<6>           |S<9>           |   12.105|
B<6>           |S<10>          |   12.418|
B<6>           |S<11>          |   11.326|
B<6>           |S<12>          |   14.911|
B<6>           |S<13>          |   12.396|
B<6>           |S<14>          |   12.512|
B<6>           |S<15>          |   12.962|
B<6>           |S<16>          |   13.907|
B<6>           |S<17>          |   12.596|
B<6>           |S<18>          |   13.294|
B<6>           |S<19>          |   13.300|
B<6>           |S<20>          |   15.223|
B<6>           |S<21>          |   12.015|
B<6>           |S<22>          |   12.616|
B<6>           |S<23>          |   14.150|
B<6>           |S<24>          |   15.549|
B<6>           |S<25>          |   12.394|
B<6>           |S<26>          |   12.789|
B<6>           |S<27>          |   13.218|
B<6>           |S<28>          |   15.092|
B<6>           |S<29>          |   11.860|
B<6>           |S<30>          |   12.042|
B<6>           |S<31>          |   14.609|
B<6>           |S<32>          |   16.953|
B<7>           |S<7>           |    8.951|
B<7>           |S<8>           |   11.608|
B<7>           |S<9>           |   11.625|
B<7>           |S<10>          |   12.055|
B<7>           |S<11>          |   12.085|
B<7>           |S<12>          |   14.556|
B<7>           |S<13>          |   13.546|
B<7>           |S<14>          |   12.149|
B<7>           |S<15>          |   12.011|
B<7>           |S<16>          |   13.552|
B<7>           |S<17>          |   12.022|
B<7>           |S<18>          |   12.931|
B<7>           |S<19>          |   14.059|
B<7>           |S<20>          |   14.868|
B<7>           |S<21>          |   13.027|
B<7>           |S<22>          |   12.253|
B<7>           |S<23>          |   13.050|
B<7>           |S<24>          |   15.194|
B<7>           |S<25>          |   11.914|
B<7>           |S<26>          |   12.426|
B<7>           |S<27>          |   13.977|
B<7>           |S<28>          |   14.737|
B<7>           |S<29>          |   12.393|
B<7>           |S<30>          |   11.679|
B<7>           |S<31>          |   13.635|
B<7>           |S<32>          |   16.598|
B<8>           |S<8>           |    9.307|
B<8>           |S<9>           |   11.931|
B<8>           |S<10>          |   12.419|
B<8>           |S<11>          |   12.391|
B<8>           |S<12>          |   12.901|
B<8>           |S<13>          |   13.852|
B<8>           |S<14>          |   11.876|
B<8>           |S<15>          |   12.511|
B<8>           |S<16>          |   12.540|
B<8>           |S<17>          |   12.328|
B<8>           |S<18>          |   13.295|
B<8>           |S<19>          |   14.365|
B<8>           |S<20>          |   13.213|
B<8>           |S<21>          |   13.333|
B<8>           |S<22>          |   12.453|
B<8>           |S<23>          |   13.550|
B<8>           |S<24>          |   14.182|
B<8>           |S<25>          |   12.220|
B<8>           |S<26>          |   12.790|
B<8>           |S<27>          |   14.283|
B<8>           |S<28>          |   13.082|
B<8>           |S<29>          |   12.699|
B<8>           |S<30>          |   11.906|
B<8>           |S<31>          |   14.135|
B<8>           |S<32>          |   15.586|
B<9>           |S<9>           |    9.671|
B<9>           |S<10>          |   12.176|
B<9>           |S<11>          |   10.080|
B<9>           |S<12>          |   12.362|
B<9>           |S<13>          |   12.552|
B<9>           |S<14>          |   11.399|
B<9>           |S<15>          |   11.314|
B<9>           |S<16>          |   12.297|
B<9>           |S<17>          |   11.264|
B<9>           |S<18>          |   13.052|
B<9>           |S<19>          |   12.054|
B<9>           |S<20>          |   12.786|
B<9>           |S<21>          |   12.556|
B<9>           |S<22>          |   12.210|
B<9>           |S<23>          |   12.353|
B<9>           |S<24>          |   13.939|
B<9>           |S<25>          |   12.623|
B<9>           |S<26>          |   12.547|
B<9>           |S<27>          |   11.972|
B<9>           |S<28>          |   12.543|
B<9>           |S<29>          |   12.401|
B<9>           |S<30>          |   11.663|
B<9>           |S<31>          |   12.938|
B<9>           |S<32>          |   15.343|
B<10>          |S<10>          |    9.567|
B<10>          |S<11>          |   10.829|
B<10>          |S<12>          |   11.932|
B<10>          |S<13>          |   13.396|
B<10>          |S<14>          |   12.394|
B<10>          |S<15>          |   11.940|
B<10>          |S<16>          |   12.011|
B<10>          |S<17>          |   12.108|
B<10>          |S<18>          |   11.789|
B<10>          |S<19>          |   12.803|
B<10>          |S<20>          |   12.601|
B<10>          |S<21>          |   12.894|
B<10>          |S<22>          |   13.205|
B<10>          |S<23>          |   12.990|
B<10>          |S<24>          |   13.888|
B<10>          |S<25>          |   12.876|
B<10>          |S<26>          |   12.614|
B<10>          |S<27>          |   12.721|
B<10>          |S<28>          |   12.084|
B<10>          |S<29>          |   12.739|
B<10>          |S<30>          |   12.658|
B<10>          |S<31>          |   13.564|
B<10>          |S<32>          |   15.070|
B<11>          |S<11>          |    8.563|
B<11>          |S<12>          |   11.458|
B<11>          |S<13>          |   12.300|
B<11>          |S<14>          |   11.732|
B<11>          |S<15>          |   12.313|
B<11>          |S<16>          |   11.095|
B<11>          |S<17>          |   11.012|
B<11>          |S<18>          |   11.127|
B<11>          |S<19>          |   11.404|
B<11>          |S<20>          |   12.127|
B<11>          |S<21>          |   11.930|
B<11>          |S<22>          |   12.543|
B<11>          |S<23>          |   13.352|
B<11>          |S<24>          |   12.891|
B<11>          |S<25>          |   11.997|
B<11>          |S<26>          |   12.150|
B<11>          |S<27>          |   12.844|
B<11>          |S<28>          |   11.610|
B<11>          |S<29>          |   11.775|
B<11>          |S<30>          |   11.996|
B<11>          |S<31>          |   13.937|
B<11>          |S<32>          |   14.141|
B<12>          |S<12>          |   10.562|
B<12>          |S<13>          |   12.662|
B<12>          |S<14>          |   12.149|
B<12>          |S<15>          |   13.613|
B<12>          |S<16>          |   13.372|
B<12>          |S<17>          |   11.249|
B<12>          |S<18>          |   11.544|
B<12>          |S<19>          |   12.704|
B<12>          |S<20>          |   13.699|
B<12>          |S<21>          |   12.787|
B<12>          |S<22>          |   12.960|
B<12>          |S<23>          |   14.652|
B<12>          |S<24>          |   15.249|
B<12>          |S<25>          |   12.854|
B<12>          |S<26>          |   12.307|
B<12>          |S<27>          |   14.144|
B<12>          |S<28>          |   14.666|
B<12>          |S<29>          |   12.632|
B<12>          |S<30>          |   12.413|
B<12>          |S<31>          |   15.237|
B<12>          |S<32>          |   16.431|
B<13>          |S<13>          |    9.570|
B<13>          |S<14>          |   12.778|
B<13>          |S<15>          |   12.565|
B<13>          |S<16>          |   13.308|
B<13>          |S<17>          |   12.387|
B<13>          |S<18>          |   12.173|
B<13>          |S<19>          |   12.197|
B<13>          |S<20>          |   13.127|
B<13>          |S<21>          |   11.931|
B<13>          |S<22>          |   13.589|
B<13>          |S<23>          |   13.604|
B<13>          |S<24>          |   14.950|
B<13>          |S<25>          |   13.384|
B<13>          |S<26>          |   12.411|
B<13>          |S<27>          |   13.253|
B<13>          |S<28>          |   14.709|
B<13>          |S<29>          |   13.149|
B<13>          |S<30>          |   13.042|
B<13>          |S<31>          |   14.189|
B<13>          |S<32>          |   16.354|
B<14>          |S<14>          |    8.145|
B<14>          |S<15>          |   11.241|
B<14>          |S<16>          |   11.670|
B<14>          |S<17>          |   11.045|
B<14>          |S<18>          |   11.988|
B<14>          |S<19>          |   10.873|
B<14>          |S<20>          |   11.442|
B<14>          |S<21>          |   10.783|
B<14>          |S<22>          |   11.278|
B<14>          |S<23>          |   12.280|
B<14>          |S<24>          |   13.312|
B<14>          |S<25>          |   12.042|
B<14>          |S<26>          |   12.384|
B<14>          |S<27>          |   11.929|
B<14>          |S<28>          |   13.071|
B<14>          |S<29>          |   12.493|
B<14>          |S<30>          |   12.012|
B<14>          |S<31>          |   12.865|
B<14>          |S<32>          |   14.716|
B<15>          |S<15>          |    9.460|
B<15>          |S<16>          |   13.306|
B<15>          |S<17>          |   11.717|
B<15>          |S<18>          |   12.296|
B<15>          |S<19>          |   11.733|
B<15>          |S<20>          |   12.763|
B<15>          |S<21>          |   11.431|
B<15>          |S<22>          |   11.586|
B<15>          |S<23>          |   12.489|
B<15>          |S<24>          |   14.948|
B<15>          |S<25>          |   12.714|
B<15>          |S<26>          |   12.692|
B<15>          |S<27>          |   12.719|
B<15>          |S<28>          |   14.707|
B<15>          |S<29>          |   13.141|
B<15>          |S<30>          |   12.916|
B<15>          |S<31>          |   13.219|
B<15>          |S<32>          |   16.352|
B<16>          |S<16>          |    8.652|
B<16>          |S<17>          |   11.203|
B<16>          |S<18>          |   11.968|
B<16>          |S<19>          |   12.058|
B<16>          |S<20>          |   11.649|
B<16>          |S<21>          |   11.955|
B<16>          |S<22>          |   11.373|
B<16>          |S<23>          |   13.013|
B<16>          |S<24>          |   12.396|
B<16>          |S<25>          |   13.106|
B<16>          |S<26>          |   12.364|
B<16>          |S<27>          |   13.234|
B<16>          |S<28>          |   13.943|
B<16>          |S<29>          |   13.665|
B<16>          |S<30>          |   13.159|
B<16>          |S<31>          |   13.544|
B<16>          |S<32>          |   13.624|
B<17>          |S<17>          |    9.412|
B<17>          |S<18>          |   11.430|
B<17>          |S<19>          |   11.402|
B<17>          |S<20>          |   11.255|
B<17>          |S<21>          |   10.445|
B<17>          |S<22>          |   10.945|
B<17>          |S<23>          |   11.670|
B<17>          |S<24>          |   11.925|
B<17>          |S<25>          |   12.350|
B<17>          |S<26>          |   11.826|
B<17>          |S<27>          |   12.388|
B<17>          |S<28>          |   13.472|
B<17>          |S<29>          |   11.849|
B<17>          |S<30>          |   12.731|
B<17>          |S<31>          |   12.888|
B<17>          |S<32>          |   13.312|
B<18>          |S<18>          |    9.746|
B<18>          |S<19>          |   10.682|
B<18>          |S<20>          |   11.272|
B<18>          |S<21>          |   10.026|
B<18>          |S<22>          |   11.121|
B<18>          |S<23>          |   11.582|
B<18>          |S<24>          |   12.019|
B<18>          |S<25>          |   11.931|
B<18>          |S<26>          |   11.886|
B<18>          |S<27>          |   11.803|
B<18>          |S<28>          |   13.566|
B<18>          |S<29>          |   11.430|
B<18>          |S<30>          |   12.123|
B<18>          |S<31>          |   12.168|
B<18>          |S<32>          |   13.247|
B<19>          |S<19>          |    9.068|
B<19>          |S<20>          |   11.957|
B<19>          |S<21>          |   10.245|
B<19>          |S<22>          |   10.968|
B<19>          |S<23>          |   10.912|
B<19>          |S<24>          |   12.704|
B<19>          |S<25>          |   12.150|
B<19>          |S<26>          |   11.733|
B<19>          |S<27>          |   12.427|
B<19>          |S<28>          |   14.251|
B<19>          |S<29>          |   11.714|
B<19>          |S<30>          |   11.970|
B<19>          |S<31>          |   12.851|
B<19>          |S<32>          |   13.932|
B<20>          |S<20>          |   10.545|
B<20>          |S<21>          |   10.702|
B<20>          |S<22>          |   11.514|
B<20>          |S<23>          |   12.030|
B<20>          |S<24>          |   11.723|
B<20>          |S<25>          |   12.182|
B<20>          |S<26>          |   12.101|
B<20>          |S<27>          |   12.838|
B<20>          |S<28>          |   13.463|
B<20>          |S<29>          |   12.609|
B<20>          |S<30>          |   12.949|
B<20>          |S<31>          |   13.470|
B<20>          |S<32>          |   13.729|
B<21>          |S<21>          |    9.800|
B<21>          |S<22>          |   11.238|
B<21>          |S<23>          |   11.644|
B<21>          |S<24>          |   11.925|
B<21>          |S<25>          |   12.621|
B<21>          |S<26>          |   12.003|
B<21>          |S<27>          |   12.623|
B<21>          |S<28>          |   13.832|
B<21>          |S<29>          |   12.647|
B<21>          |S<30>          |   12.463|
B<21>          |S<31>          |   13.084|
B<21>          |S<32>          |   14.098|
B<22>          |S<22>          |    9.711|
B<22>          |S<23>          |   11.120|
B<22>          |S<24>          |   11.285|
B<22>          |S<25>          |   11.606|
B<22>          |S<26>          |   11.311|
B<22>          |S<27>          |   12.241|
B<22>          |S<28>          |   13.118|
B<22>          |S<29>          |   11.752|
B<22>          |S<30>          |   11.601|
B<22>          |S<31>          |   12.665|
B<22>          |S<32>          |   13.384|
B<23>          |S<23>          |   10.682|
B<23>          |S<24>          |   11.691|
B<23>          |S<25>          |   12.318|
B<23>          |S<26>          |   11.771|
B<23>          |S<27>          |   11.686|
B<23>          |S<28>          |   13.527|
B<23>          |S<29>          |   12.344|
B<23>          |S<30>          |   12.060|
B<23>          |S<31>          |   12.421|
B<23>          |S<32>          |   13.793|
B<24>          |S<24>          |   10.030|
B<24>          |S<25>          |   11.557|
B<24>          |S<26>          |   12.032|
B<24>          |S<27>          |   12.672|
B<24>          |S<28>          |   11.301|
B<24>          |S<29>          |   11.583|
B<24>          |S<30>          |   12.321|
B<24>          |S<31>          |   13.407|
B<24>          |S<32>          |   11.506|
B<25>          |S<25>          |    8.912|
B<25>          |S<26>          |   11.465|
B<25>          |S<27>          |   12.386|
B<25>          |S<28>          |   13.439|
B<25>          |S<29>          |    9.835|
B<25>          |S<30>          |   11.934|
B<25>          |S<31>          |   13.121|
B<25>          |S<32>          |   12.118|
B<26>          |S<26>          |    9.484|
B<26>          |S<27>          |   13.155|
B<26>          |S<28>          |   13.310|
B<26>          |S<29>          |   10.504|
B<26>          |S<30>          |   11.243|
B<26>          |S<31>          |   13.890|
B<26>          |S<32>          |   11.989|
B<27>          |S<27>          |    7.890|
B<27>          |S<28>          |   12.799|
B<27>          |S<29>          |    9.402|
B<27>          |S<30>          |   10.732|
B<27>          |S<31>          |   13.031|
B<27>          |S<32>          |   11.710|
B<28>          |S<28>          |    8.767|
B<28>          |S<29>          |    9.638|
B<28>          |S<30>          |   11.146|
B<28>          |S<31>          |   13.267|
B<28>          |S<32>          |   10.359|
B<29>          |S<29>          |    8.490|
B<29>          |S<30>          |   11.609|
B<29>          |S<31>          |   12.550|
B<29>          |S<32>          |   10.822|
B<30>          |S<30>          |    8.921|
B<30>          |S<31>          |   12.534|
B<30>          |S<32>          |   10.427|
B<31>          |S<31>          |    8.623|
B<31>          |S<32>          |    8.102|
---------------+---------------+---------+


Analysis completed Fri Feb 02 11:32:24 2024 
--------------------------------------------------------------------------------

Trace Settings:
-------------------------
Trace Settings 

Peak Memory Usage: 4486 MB



